Archive member included to satisfy reference by file (symbol)

/home/anna/AMDSEV/ovmf/Build/OvmfX64/DEBUG_GCC5/X64/MdeModulePkg/Universal/Console/GraphicsConsoleDxe/GraphicsConsoleDxe/OUTPUT/GraphicsConsoleDxe.lib(ComponentName.obj)
                              (--whole-archive)
/home/anna/AMDSEV/ovmf/Build/OvmfX64/DEBUG_GCC5/X64/MdeModulePkg/Universal/Console/GraphicsConsoleDxe/GraphicsConsoleDxe/OUTPUT/GraphicsConsoleDxe.lib(LaffStd.obj)
                              (--whole-archive)
/home/anna/AMDSEV/ovmf/Build/OvmfX64/DEBUG_GCC5/X64/MdeModulePkg/Universal/Console/GraphicsConsoleDxe/GraphicsConsoleDxe/OUTPUT/GraphicsConsoleDxe.lib(GraphicsConsole.obj)
                              (--whole-archive)
/home/anna/AMDSEV/ovmf/Build/OvmfX64/DEBUG_GCC5/X64/MdeModulePkg/Universal/Console/GraphicsConsoleDxe/GraphicsConsoleDxe/OUTPUT/GraphicsConsoleDxe.lib(AutoGen.obj)
                              (--whole-archive)
/home/anna/AMDSEV/ovmf/Build/OvmfX64/DEBUG_GCC5/X64/MdePkg/Library/RegisterFilterLibNull/RegisterFilterLibNull/OUTPUT/FilterLibNull.lib(RegisterFilterLibNull.obj)
                              (--whole-archive)
/home/anna/AMDSEV/ovmf/Build/OvmfX64/DEBUG_GCC5/X64/MdePkg/Library/BaseLib/BaseLib/OUTPUT/BaseLib.lib(CheckSum.obj)
                              (--whole-archive)
/home/anna/AMDSEV/ovmf/Build/OvmfX64/DEBUG_GCC5/X64/MdePkg/Library/BaseLib/BaseLib/OUTPUT/BaseLib.lib(SwitchStack.obj)
                              (--whole-archive)
/home/anna/AMDSEV/ovmf/Build/OvmfX64/DEBUG_GCC5/X64/MdePkg/Library/BaseLib/BaseLib/OUTPUT/BaseLib.lib(SwapBytes64.obj)
                              (--whole-archive)
/home/anna/AMDSEV/ovmf/Build/OvmfX64/DEBUG_GCC5/X64/MdePkg/Library/BaseLib/BaseLib/OUTPUT/BaseLib.lib(SwapBytes32.obj)
                              (--whole-archive)
/home/anna/AMDSEV/ovmf/Build/OvmfX64/DEBUG_GCC5/X64/MdePkg/Library/BaseLib/BaseLib/OUTPUT/BaseLib.lib(SwapBytes16.obj)
                              (--whole-archive)
/home/anna/AMDSEV/ovmf/Build/OvmfX64/DEBUG_GCC5/X64/MdePkg/Library/BaseLib/BaseLib/OUTPUT/BaseLib.lib(LongJump.obj)
                              (--whole-archive)
/home/anna/AMDSEV/ovmf/Build/OvmfX64/DEBUG_GCC5/X64/MdePkg/Library/BaseLib/BaseLib/OUTPUT/BaseLib.lib(SetJump.obj)
                              (--whole-archive)
/home/anna/AMDSEV/ovmf/Build/OvmfX64/DEBUG_GCC5/X64/MdePkg/Library/BaseLib/BaseLib/OUTPUT/BaseLib.lib(QuickSort.obj)
                              (--whole-archive)
/home/anna/AMDSEV/ovmf/Build/OvmfX64/DEBUG_GCC5/X64/MdePkg/Library/BaseLib/BaseLib/OUTPUT/BaseLib.lib(RShiftU64.obj)
                              (--whole-archive)
/home/anna/AMDSEV/ovmf/Build/OvmfX64/DEBUG_GCC5/X64/MdePkg/Library/BaseLib/BaseLib/OUTPUT/BaseLib.lib(RRotU64.obj)
                              (--whole-archive)
/home/anna/AMDSEV/ovmf/Build/OvmfX64/DEBUG_GCC5/X64/MdePkg/Library/BaseLib/BaseLib/OUTPUT/BaseLib.lib(RRotU32.obj)
                              (--whole-archive)
/home/anna/AMDSEV/ovmf/Build/OvmfX64/DEBUG_GCC5/X64/MdePkg/Library/BaseLib/BaseLib/OUTPUT/BaseLib.lib(MultU64x64.obj)
                              (--whole-archive)
/home/anna/AMDSEV/ovmf/Build/OvmfX64/DEBUG_GCC5/X64/MdePkg/Library/BaseLib/BaseLib/OUTPUT/BaseLib.lib(MultU64x32.obj)
                              (--whole-archive)
/home/anna/AMDSEV/ovmf/Build/OvmfX64/DEBUG_GCC5/X64/MdePkg/Library/BaseLib/BaseLib/OUTPUT/BaseLib.lib(MultS64x64.obj)
                              (--whole-archive)
/home/anna/AMDSEV/ovmf/Build/OvmfX64/DEBUG_GCC5/X64/MdePkg/Library/BaseLib/BaseLib/OUTPUT/BaseLib.lib(ModU64x32.obj)
                              (--whole-archive)
/home/anna/AMDSEV/ovmf/Build/OvmfX64/DEBUG_GCC5/X64/MdePkg/Library/BaseLib/BaseLib/OUTPUT/BaseLib.lib(LShiftU64.obj)
                              (--whole-archive)
/home/anna/AMDSEV/ovmf/Build/OvmfX64/DEBUG_GCC5/X64/MdePkg/Library/BaseLib/BaseLib/OUTPUT/BaseLib.lib(LRotU64.obj)
                              (--whole-archive)
/home/anna/AMDSEV/ovmf/Build/OvmfX64/DEBUG_GCC5/X64/MdePkg/Library/BaseLib/BaseLib/OUTPUT/BaseLib.lib(LRotU32.obj)
                              (--whole-archive)
/home/anna/AMDSEV/ovmf/Build/OvmfX64/DEBUG_GCC5/X64/MdePkg/Library/BaseLib/BaseLib/OUTPUT/BaseLib.lib(LowBitSet64.obj)
                              (--whole-archive)
/home/anna/AMDSEV/ovmf/Build/OvmfX64/DEBUG_GCC5/X64/MdePkg/Library/BaseLib/BaseLib/OUTPUT/BaseLib.lib(LowBitSet32.obj)
                              (--whole-archive)
/home/anna/AMDSEV/ovmf/Build/OvmfX64/DEBUG_GCC5/X64/MdePkg/Library/BaseLib/BaseLib/OUTPUT/BaseLib.lib(HighBitSet64.obj)
                              (--whole-archive)
/home/anna/AMDSEV/ovmf/Build/OvmfX64/DEBUG_GCC5/X64/MdePkg/Library/BaseLib/BaseLib/OUTPUT/BaseLib.lib(HighBitSet32.obj)
                              (--whole-archive)
/home/anna/AMDSEV/ovmf/Build/OvmfX64/DEBUG_GCC5/X64/MdePkg/Library/BaseLib/BaseLib/OUTPUT/BaseLib.lib(GetPowerOfTwo64.obj)
                              (--whole-archive)
[...]
Memory Configuration

Name             Origin             Length             Attributes
*default*        0x0000000000000000 0xffffffffffffffff

Linker script and memory map

START GROUP
LOAD /tmp/GraphicsConsoleDxe.dll.AguWDc.ltrans0.ltrans.o
LOAD /tmp/ccbHQoPa.debug.temp.o
LOAD /tmp/ccmcs4P9.debug.temp.o
LOAD /tmp/cc4hkxv9.debug.temp.o
LOAD /tmp/ccpsjty8.debug.temp.o
LOAD /tmp/ccs36lYa.debug.temp.o
LOAD /tmp/ccQgOVB8.debug.temp.o
LOAD /tmp/ccLO2U08.debug.temp.o
LOAD /tmp/ccMPczlc.debug.temp.o
LOAD /tmp/cclXg3na.debug.temp.o
LOAD /tmp/cchw3RQ8.debug.temp.o
LOAD /tmp/ccvxeMxb.debug.temp.o
LOAD /tmp/ccLhqGNb.debug.temp.o
LOAD /tmp/cc65LdI9.debug.temp.o
LOAD /tmp/ccpAsgFa.debug.temp.o
LOAD /tmp/ccnvaw99.debug.temp.o
LOAD /tmp/ccm5BEu9.debug.temp.o
LOAD /tmp/ccKnir7c.debug.temp.o
LOAD /tmp/ccawC1R8.debug.temp.o
LOAD /tmp/cct2xy6a.debug.temp.o
LOAD /tmp/ccXJ0WYb.debug.temp.o
LOAD /tmp/ccSD6yQa.debug.temp.o
LOAD /tmp/ccyOEr19.debug.temp.o
LOAD /tmp/ccZMYMQ8.debug.temp.o
LOAD /tmp/ccn5Kkub.debug.temp.o
LOAD /tmp/ccEW4lQc.debug.temp.o
LOAD /tmp/ccVS4OLc.debug.temp.o
LOAD /tmp/ccXe04X9.debug.temp.o
LOAD /tmp/ccDFvGU9.debug.temp.o
LOAD /tmp/ccINWu38.debug.temp.o
LOAD /tmp/cc1zL7la.debug.temp.o
LOAD /tmp/ccA9FFW8.debug.temp.o
LOAD /tmp/ccYOU9da.debug.temp.o
LOAD /tmp/ccCKaoPc.debug.temp.o
LOAD /tmp/ccaTyrKb.debug.temp.o
LOAD /tmp/ccdNsPwb.debug.temp.o
LOAD /tmp/ccWxeJia.debug.temp.o
LOAD /tmp/ccTxR5I8.debug.temp.o
LOAD /tmp/cc052dkb.debug.temp.o
LOAD /tmp/cc75Zbna.debug.temp.o
LOAD /tmp/cck1k8Qb.debug.temp.o
LOAD /tmp/ccDnAL4b.debug.temp.o
LOAD /tmp/cca6PYBa.debug.temp.o
LOAD /tmp/ccr4vwV8.debug.temp.o
LOAD /tmp/cclsD9p9.debug.temp.o
LOAD /tmp/cc6TbnU8.debug.temp.o
LOAD /tmp/ccZLPhoc.debug.temp.o
LOAD /tmp/ccVUv1lc.debug.temp.o
LOAD /tmp/cc4xbH2b.debug.temp.o
LOAD /tmp/ccnIVqfa.debug.temp.o
LOAD /tmp/ccs7rSO8.debug.temp.o
LOAD /tmp/cctoC3lc.debug.temp.o
LOAD /tmp/ccKxvnP9.debug.temp.o
LOAD /tmp/ccyuAUfb.debug.temp.o
LOAD /tmp/ccO68y4a.debug.temp.o
LOAD /tmp/ccs9bhWc.debug.temp.o
LOAD /tmp/cckV75hb.debug.temp.o
LOAD /tmp/cc55mFXa.debug.temp.o
LOAD /tmp/ccVZ3Ejc.debug.temp.o
LOAD /tmp/ccikVeIb.debug.temp.o
LOAD /tmp/ccajmqVa.debug.temp.o
LOAD /tmp/ccOWX9Dc.debug.temp.o
LOAD /tmp/ccagIUtc.debug.temp.o
LOAD /tmp/ccyY4iWc.debug.temp.o
LOAD /tmp/ccaxop2a.debug.temp.o
LOAD /tmp/ccYt23Qa.debug.temp.o
LOAD /tmp/cclQnO09.debug.temp.o
LOAD /tmp/ccUPqqS8.debug.temp.o
LOAD /tmp/ccUferB8.debug.temp.o
LOAD /tmp/ccQIeUha.debug.temp.o
LOAD /tmp/cc7H7Az9.debug.temp.o
LOAD /tmp/ccQxCoQb.debug.temp.o
LOAD /tmp/ccjeN8H8.debug.temp.o
LOAD /tmp/ccJvm1Sc.debug.temp.o
LOAD /tmp/ccsF1Kk9.debug.temp.o
LOAD /tmp/ccT2qXaa.debug.temp.o
LOAD /tmp/cc6N5xXc.debug.temp.o
LOAD /tmp/ccipZXJc.debug.temp.o
LOAD /tmp/ccmr8NGa.debug.temp.o
LOAD /tmp/cc8zyOGa.debug.temp.o
LOAD /tmp/cc6TVRPa.debug.temp.o
LOAD /tmp/ccwoP7gb.debug.temp.o
LOAD /tmp/ccOiQQlb.debug.temp.o
LOAD /tmp/ccLo5NI9.debug.temp.o
LOAD /tmp/ccixxXE8.debug.temp.o
LOAD /tmp/ccwq7xX9.debug.temp.o
LOAD /tmp/ccGTOvwc.debug.temp.o
LOAD /tmp/ccwFdbZa.debug.temp.o
LOAD /tmp/cciGxFva.debug.temp.o
LOAD /tmp/ccsgfZ09.debug.temp.o
LOAD /tmp/cc4VK4Ub.debug.temp.o
LOAD /tmp/ccq8BbFb.debug.temp.o
LOAD /tmp/ccTfjqua.debug.temp.o
LOAD /tmp/ccGVSqJ8.debug.temp.o
LOAD /tmp/cczivf78.debug.temp.o
LOAD /tmp/cchLfZAc.debug.temp.o
LOAD /tmp/ccxuvKSb.debug.temp.o
LOAD /tmp/cc98D9fb.debug.temp.o
LOAD /tmp/ccsq7Nlb.debug.temp.o
LOAD /tmp/ccBzYGh9.debug.temp.o
LOAD /tmp/ccwxFh4b.debug.temp.o
LOAD /tmp/ccKefjba.debug.temp.o
LOAD /tmp/cc61Q7B9.debug.temp.o
LOAD /tmp/ccaONtBa.debug.temp.o
LOAD /tmp/ccgBkyo9.debug.temp.o
LOAD /tmp/ccIz47Lb.debug.temp.o
LOAD /tmp/ccZbltBa.debug.temp.o
LOAD /tmp/cccnIJ18.debug.temp.o
LOAD /tmp/ccA35a9c.debug.temp.o
LOAD /home/anna/AMDSEV/ovmf/Build/OvmfX64/DEBUG_GCC5/X64/MdeModulePkg/Universal/Console/GraphicsConsoleDxe/GraphicsConsoleDxe/OUTPUT/GraphicsConsoleDxe.lib
LOAD /home/anna/AMDSEV/ovmf/Build/OvmfX64/DEBUG_GCC5/X64/MdePkg/Library/RegisterFilterLibNull/RegisterFilterLibNull/OUTPUT/FilterLibNull.lib
LOAD /home/anna/AMDSEV/ovmf/Build/OvmfX64/DEBUG_GCC5/X64/MdePkg/Library/BaseLib/BaseLib/OUTPUT/BaseLib.lib
LOAD /home/anna/AMDSEV/ovmf/Build/OvmfX64/DEBUG_GCC5/X64/MdePkg/Library/DxePcdLib/DxePcdLib/OUTPUT/DxePcdLib.lib
LOAD /home/anna/AMDSEV/ovmf/Build/OvmfX64/DEBUG_GCC5/X64/MdePkg/Library/BaseMemoryLibRepStr/BaseMemoryLibRepStr/OUTPUT/BaseMemoryLibRepStr.lib
LOAD /home/anna/AMDSEV/ovmf/Build/OvmfX64/DEBUG_GCC5/X64/MdePkg/Library/TdxLib/TdxLib/OUTPUT/TdxLib.lib
LOAD /home/anna/AMDSEV/ovmf/Build/OvmfX64/DEBUG_GCC5/X64/OvmfPkg/Library/CcProbeLib/CcProbeLib/OUTPUT/CcProbeLib.lib
LOAD /home/anna/AMDSEV/ovmf/Build/OvmfX64/DEBUG_GCC5/X64/MdePkg/Library/BaseIoLibIntrinsic/BaseIoLibIntrinsicSev/OUTPUT/BaseIoLibIntrinsicSev.lib
LOAD /home/anna/AMDSEV/ovmf/Build/OvmfX64/DEBUG_GCC5/X64/MdePkg/Library/BaseDebugPrintErrorLevelLib/BaseDebugPrintErrorLevelLib/OUTPUT/BaseDebugPrintErrorLevelLib.lib
LOAD /home/anna/AMDSEV/ovmf/Build/OvmfX64/DEBUG_GCC5/X64/PcAtChipsetPkg/Library/SerialIoLib/SerialIoLib/OUTPUT/PcAtSerialPortLib.lib
LOAD /home/anna/AMDSEV/ovmf/Build/OvmfX64/DEBUG_GCC5/X64/MdePkg/Library/BasePrintLib/BasePrintLib/OUTPUT/BasePrintLib.lib
LOAD /home/anna/AMDSEV/ovmf/Build/OvmfX64/DEBUG_GCC5/X64/MdePkg/Library/BaseDebugLibSerialPort/BaseDebugLibSerialPort/OUTPUT/BaseDebugLibSerialPort.lib
LOAD /home/anna/AMDSEV/ovmf/Build/OvmfX64/DEBUG_GCC5/X64/MdePkg/Library/UefiBootServicesTableLib/UefiBootServicesTableLib/OUTPUT/UefiBootServicesTableLib.lib
LOAD /home/anna/AMDSEV/ovmf/Build/OvmfX64/DEBUG_GCC5/X64/MdePkg/Library/UefiMemoryAllocationLib/UefiMemoryAllocationLib/OUTPUT/UefiMemoryAllocationLib.lib
LOAD /home/anna/AMDSEV/ovmf/Build/OvmfX64/DEBUG_GCC5/X64/MdePkg/Library/UefiRuntimeServicesTableLib/UefiRuntimeServicesTableLib/OUTPUT/UefiRuntimeServicesTableLib.lib
LOAD /home/anna/AMDSEV/ovmf/Build/OvmfX64/DEBUG_GCC5/X64/MdePkg/Library/UefiDevicePathLibDevicePathProtocol/UefiDevicePathLibDevicePathProtocol/OUTPUT/UefiDevicePathLibDevicePathProtocol.lib
LOAD /home/anna/AMDSEV/ovmf/Build/OvmfX64/DEBUG_GCC5/X64/MdeModulePkg/Library/UefiHiiServicesLib/UefiHiiServicesLib/OUTPUT/UefiHiiServicesLib.lib
LOAD /home/anna/AMDSEV/ovmf/Build/OvmfX64/DEBUG_GCC5/X64/MdePkg/Library/UefiLib/UefiLib/OUTPUT/UefiLib.lib
LOAD /home/anna/AMDSEV/ovmf/Build/OvmfX64/DEBUG_GCC5/X64/MdePkg/Library/UefiDriverEntryPoint/UefiDriverEntryPoint/OUTPUT/UefiDriverEntryPoint.lib
LOAD /home/anna/AMDSEV/ovmf/Build/OvmfX64/DEBUG_GCC5/X64/MdeModulePkg/Library/UefiHiiLib/UefiHiiLib/OUTPUT/UefiHiiLib.lib
END GROUP
                0x0000000000000228                PECOFF_HEADER_SIZE = 0x228
                0x0000000000000228                . = PECOFF_HEADER_SIZE

.text           0x0000000000000240     0x4295
 *(.text .text.* .stub .gnu.linkonce.t.*)
 .text.InternalAllocatePool.constprop.0
                0x0000000000000240       0x37 /tmp/GraphicsConsoleDxe.dll.AguWDc.ltrans0.ltrans.o
 .text.DebugPrintEnabled
                0x0000000000000277        0x3 /tmp/GraphicsConsoleDxe.dll.AguWDc.ltrans0.ltrans.o
 .text.BasePrintLibFillBuffer
                0x000000000000027a       0x2a /tmp/GraphicsConsoleDxe.dll.AguWDc.ltrans0.ltrans.o
 .text.AsciiStrnLenS
                0x00000000000002a4       0x26 /tmp/GraphicsConsoleDxe.dll.AguWDc.ltrans0.ltrans.o
 .text.GetTextColors
                0x00000000000002ca       0x2b /tmp/GraphicsConsoleDxe.dll.AguWDc.ltrans0.ltrans.o
 .text.GraphicsConsoleConOutReset
                0x00000000000002f5       0x35 /tmp/GraphicsConsoleDxe.dll.AguWDc.ltrans0.ltrans.o
 .text.GraphicsConsoleControllerDriverSupported
                0x000000000000032a      0x16c /tmp/GraphicsConsoleDxe.dll.AguWDc.ltrans0.ltrans.o
 .text.GraphicsConsoleComponentNameGetControllerName
                0x0000000000000496        0xf /tmp/GraphicsConsoleDxe.dll.AguWDc.ltrans0.ltrans.o
 .text.IoWrite8
                0x00000000000004a5       0x72 /tmp/GraphicsConsoleDxe.dll.AguWDc.ltrans0.ltrans.o
 .text.SerialPortWrite.part.0
                0x0000000000000517       0xae /tmp/GraphicsConsoleDxe.dll.AguWDc.ltrans0.ltrans.o
 .text.DebugAssert
                0x00000000000005c5       0x6c /tmp/GraphicsConsoleDxe.dll.AguWDc.ltrans0.ltrans.o
 .text.AllocateZeroPool
                0x0000000000000631       0x62 /tmp/GraphicsConsoleDxe.dll.AguWDc.ltrans0.ltrans.o
 .text.WriteUnaligned64
                0x0000000000000693        0x7 /tmp/GraphicsConsoleDxe.dll.AguWDc.ltrans0.ltrans.o
 .text.ReadUnaligned32
                0x000000000000069a       0x2d /tmp/GraphicsConsoleDxe.dll.AguWDc.ltrans0.ltrans.o
 .text.ReadUnaligned24
                0x00000000000006c7       0x32 /tmp/GraphicsConsoleDxe.dll.AguWDc.ltrans0.ltrans.o
 .text.ReadUnaligned16
                0x00000000000006f9        0x4 /tmp/GraphicsConsoleDxe.dll.AguWDc.ltrans0.ltrans.o
 .text.AsciiStrLen
                0x00000000000006fd       0x67 /tmp/GraphicsConsoleDxe.dll.AguWDc.ltrans0.ltrans.o
 .text.AsciiStrnCmp.part.0
                0x0000000000000764       0xb7 /tmp/GraphicsConsoleDxe.dll.AguWDc.ltrans0.ltrans.o
 .text.GraphicsConsoleComponentNameGetDriverName
                0x000000000000081b      0x132 /tmp/GraphicsConsoleDxe.dll.AguWDc.ltrans0.ltrans.o
 .text.BasePrintLibSPrintMarker.constprop.0
                0x000000000000094d      0xa7a /tmp/GraphicsConsoleDxe.dll.AguWDc.ltrans0.ltrans.o
 .text.BasePrintLibSPrint.constprop.0
                0x00000000000013c7       0x27 /tmp/GraphicsConsoleDxe.dll.AguWDc.ltrans0.ltrans.o
 .text.AsciiSPrint.constprop.0
                0x00000000000013ee       0x30 /tmp/GraphicsConsoleDxe.dll.AguWDc.ltrans0.ltrans.o
 .text.FlushCursor
                0x000000000000141e      0x187 /tmp/GraphicsConsoleDxe.dll.AguWDc.ltrans0.ltrans.o
 .text.GraphicsConsoleConOutEnableCursor
                0x00000000000015a5       0x6a /tmp/GraphicsConsoleDxe.dll.AguWDc.ltrans0.ltrans.o
 .text.GraphicsConsoleConOutSetAttribute
                0x000000000000160f       0x76 /tmp/GraphicsConsoleDxe.dll.AguWDc.ltrans0.ltrans.o
 .text.GraphicsConsoleConOutSetCursorPosition
                0x0000000000001685       0xe5 /tmp/GraphicsConsoleDxe.dll.AguWDc.ltrans0.ltrans.o
 .text.GraphicsConsoleConOutClearScreen
                0x000000000000176a      0x130 /tmp/GraphicsConsoleDxe.dll.AguWDc.ltrans0.ltrans.o
 .text.GraphicsConsoleConOutQueryMode
                0x000000000000189a       0xc7 /tmp/GraphicsConsoleDxe.dll.AguWDc.ltrans0.ltrans.o
 .text.DebugPrintMarker.part.0.constprop.0
                0x0000000000001961       0x40 /tmp/GraphicsConsoleDxe.dll.AguWDc.ltrans0.ltrans.o
 .text.DebugPrint
                0x00000000000019a1       0x29 /tmp/GraphicsConsoleDxe.dll.AguWDc.ltrans0.ltrans.o
 .text.FreePool
                0x00000000000019ca       0x51 /tmp/GraphicsConsoleDxe.dll.AguWDc.ltrans0.ltrans.o
 .text.GraphicsConsoleConOutSetMode
                0x0000000000001a1b      0x255 /tmp/GraphicsConsoleDxe.dll.AguWDc.ltrans0.ltrans.o
 .text.GraphicsConsoleConOutTestString
                0x0000000000001c70       0x80 /tmp/GraphicsConsoleDxe.dll.AguWDc.ltrans0.ltrans.o
 .text.CheckModeSupported
                0x0000000000001cf0       0xf6 /tmp/GraphicsConsoleDxe.dll.AguWDc.ltrans0.ltrans.o
 .text.GraphicsConsoleControllerDriverStop
                0x0000000000001de6      0x110 /tmp/GraphicsConsoleDxe.dll.AguWDc.ltrans0.ltrans.o
 .text.LibPcdGet32
                0x0000000000001ef6       0xa2 /tmp/GraphicsConsoleDxe.dll.AguWDc.ltrans0.ltrans.o
 .text.CopyMem.part.0
                0x0000000000001f98       0x88 /tmp/GraphicsConsoleDxe.dll.AguWDc.ltrans0.ltrans.o
 .text.HiiAddPackages.constprop.0
                0x0000000000002020      0x120 /tmp/GraphicsConsoleDxe.dll.AguWDc.ltrans0.ltrans.o
 .text.RegisterFontPackage
                0x0000000000002140       0xe4 /tmp/GraphicsConsoleDxe.dll.AguWDc.ltrans0.ltrans.o
 .text.InternalAllocateCopyPool.constprop.0
                0x0000000000002224       0x87 /tmp/GraphicsConsoleDxe.dll.AguWDc.ltrans0.ltrans.o
 .text.GraphicsConsoleControllerDriverStart
                0x00000000000022ab      0x617 /tmp/GraphicsConsoleDxe.dll.AguWDc.ltrans0.ltrans.o
 .text.GraphicsConsoleConOutOutputString
                0x00000000000028c2      0x813 /tmp/GraphicsConsoleDxe.dll.AguWDc.ltrans0.ltrans.o
 .text._ModuleEntryPoint
                0x00000000000030d5      0x47d /tmp/GraphicsConsoleDxe.dll.AguWDc.ltrans0.ltrans.o
                0x00000000000030d5                _ModuleEntryPoint
 *fill*         0x0000000000003552        0xe 
 .text          0x0000000000003560       0x81 /home/anna/AMDSEV/ovmf/Build/OvmfX64/DEBUG_GCC5/X64/MdePkg/Library/BaseLib/BaseLib/OUTPUT/BaseLib.lib(TdVmcall.obj)
                0x0000000000003560                TdVmCall
 *fill*         0x00000000000035e1        0xf 
 .text          0x00000000000035f0       0x1d /home/anna/AMDSEV/ovmf/Build/OvmfX64/DEBUG_GCC5/X64/MdePkg/Library/BaseMemoryLibRepStr/BaseMemoryLibRepStr/OUTPUT/BaseMemoryLibRepStr.lib(ZeroMem.obj)
                0x00000000000035f0                InternalMemZeroMem
 *fill*         0x000000000000360d        0x3 
 .text          0x0000000000003610       0x3c /home/anna/AMDSEV/ovmf/Build/OvmfX64/DEBUG_GCC5/X64/MdePkg/Library/BaseMemoryLibRepStr/BaseMemoryLibRepStr/OUTPUT/BaseMemoryLibRepStr.lib(CopyMem.obj)
                0x0000000000003610                InternalMemCopyMem
 *(.rodata .rodata.* .gnu.linkonce.r.*)
 .rodata.DebugAssert.str1.1
                0x000000000000364c       0x2b /tmp/GraphicsConsoleDxe.dll.AguWDc.ltrans0.ltrans.o
 .rodata.AllocateZeroPool.str1.1
                0x0000000000003677       0x81 /tmp/GraphicsConsoleDxe.dll.AguWDc.ltrans0.ltrans.o
 .rodata.ReadUnaligned32.str1.1
                0x00000000000036f8       0x3a /tmp/GraphicsConsoleDxe.dll.AguWDc.ltrans0.ltrans.o
                                         0x51 (size before relaxing)
 .rodata.AsciiStrLen.str1.1
                0x0000000000003732       0x86 /tmp/GraphicsConsoleDxe.dll.AguWDc.ltrans0.ltrans.o
 .rodata.AsciiStrnCmp.part.0.str1.1
                0x00000000000037b8       0x70 /tmp/GraphicsConsoleDxe.dll.AguWDc.ltrans0.ltrans.o
 .rodata.BasePrintLibSPrintMarker.constprop.0.str1.1
                0x0000000000003828      0x176 /tmp/GraphicsConsoleDxe.dll.AguWDc.ltrans0.ltrans.o
 *fill*         0x000000000000399e        0x2 
 .rodata.BasePrintLibSPrintMarker.constprop.0
                0x00000000000039a0       0xec /tmp/GraphicsConsoleDxe.dll.AguWDc.ltrans0.ltrans.o
 .rodata.FlushCursor.str1.1
                0x0000000000003a8c       0x70 /tmp/GraphicsConsoleDxe.dll.AguWDc.ltrans0.ltrans.o
 .rodata.FreePool.str1.1
                0x0000000000003afc       0x9c /tmp/GraphicsConsoleDxe.dll.AguWDc.ltrans0.ltrans.o
 .rodata.LibPcdGet32.str1.1
                0x0000000000003b98       0x51 /tmp/GraphicsConsoleDxe.dll.AguWDc.ltrans0.ltrans.o
 .rodata.CopyMem.part.0.str1.1
                0x0000000000003be9       0xcc /tmp/GraphicsConsoleDxe.dll.AguWDc.ltrans0.ltrans.o
 .rodata.RegisterFontPackage.str1.1
                0x0000000000003cb5       0x33 /tmp/GraphicsConsoleDxe.dll.AguWDc.ltrans0.ltrans.o
 .rodata.InternalAllocateCopyPool.constprop.0.str1.1
                0x0000000000003ce8       0x3e /tmp/GraphicsConsoleDxe.dll.AguWDc.ltrans0.ltrans.o
 .rodata.GraphicsConsoleControllerDriverStart.str1.1
                0x0000000000003d26       0xbd /tmp/GraphicsConsoleDxe.dll.AguWDc.ltrans0.ltrans.o
 .rodata.GraphicsConsoleConOutOutputString.str1.1
                0x0000000000003de3       0x37 /tmp/GraphicsConsoleDxe.dll.AguWDc.ltrans0.ltrans.o
 .rodata._ModuleEntryPoint.str1.1
                0x0000000000003e1a      0x2f8 /tmp/GraphicsConsoleDxe.dll.AguWDc.ltrans0.ltrans.o
 .rodata.str1.1
                0x0000000000004112        0xb /tmp/GraphicsConsoleDxe.dll.AguWDc.ltrans0.ltrans.o
                                          0xe (size before relaxing)
 *fill*         0x000000000000411d        0x1 
 .rodata.str2.2
                0x000000000000411e       0x30 /tmp/GraphicsConsoleDxe.dll.AguWDc.ltrans0.ltrans.o
 *fill*         0x000000000000414e        0x2 
 .rodata.mCursorGlyph
                0x0000000000004150       0x16 /tmp/GraphicsConsoleDxe.dll.AguWDc.ltrans0.ltrans.o
 .rodata.mEndOfPakageList
                0x0000000000004166        0x4 /tmp/GraphicsConsoleDxe.dll.AguWDc.ltrans0.ltrans.o
 *fill*         0x000000000000416a        0x6 
 .rodata.mHexStr
                0x0000000000004170       0x10 /tmp/GraphicsConsoleDxe.dll.AguWDc.ltrans0.ltrans.o
 .rodata.mWarningString
                0x0000000000004180       0x96 /tmp/GraphicsConsoleDxe.dll.AguWDc.ltrans0.ltrans.o
 *fill*         0x0000000000004216        0xa 
 .rodata.mErrorString
                0x0000000000004220      0x2b5 /tmp/GraphicsConsoleDxe.dll.AguWDc.ltrans0.ltrans.o
 *(.got .got.*)
 .got           0x00000000000044d5        0x0 ComponentName.obj (symbol from plugin)
 .got.plt       0x00000000000044d5        0x0 ComponentName.obj (symbol from plugin)
 *:AutoGen.obj(.data.g*Guid)

.plt            0x00000000000044e0        0x0
 .plt           0x00000000000044e0        0x0 ComponentName.obj (symbol from plugin)

.plt.got        0x00000000000044d8        0x0
 .plt.got       0x00000000000044d8        0x0 ComponentName.obj (symbol from plugin)

.data           0x0000000000004500     0x1848
 *(.data .data.* .gnu.linkonce.d.*)
 .data.rel.local.mGraphicsConsoleDriverNameTable
                0x0000000000004500       0x20 /tmp/GraphicsConsoleDxe.dll.AguWDc.ltrans0.ltrans.o
 .data.gEfiDevicePathProtocolGuid
                0x0000000000004520       0x10 /tmp/GraphicsConsoleDxe.dll.AguWDc.ltrans0.ltrans.o
 *fill*         0x0000000000004530       0x10 
 .data.mGraphicsConsoleModeData
                0x0000000000004540       0x60 /tmp/GraphicsConsoleDxe.dll.AguWDc.ltrans0.ltrans.o
 .data._gPcd_BinaryPatch_PcdConOutRow
                0x00000000000045a0        0x4 /tmp/GraphicsConsoleDxe.dll.AguWDc.ltrans0.ltrans.o
 .data._gPcd_BinaryPatch_PcdConOutColumn
                0x00000000000045a4        0x4 /tmp/GraphicsConsoleDxe.dll.AguWDc.ltrans0.ltrans.o
 *fill*         0x00000000000045a8       0x18 
 .data.rel.local.mGraphicsConsoleDevTemplate
                0x00000000000045c0       0x90 /tmp/GraphicsConsoleDxe.dll.AguWDc.ltrans0.ltrans.o
 .data.gEfiUgaDrawProtocolGuid
                0x0000000000004650       0x10 /tmp/GraphicsConsoleDxe.dll.AguWDc.ltrans0.ltrans.o
 .data.gEfiGraphicsOutputProtocolGuid
                0x0000000000004660       0x10 /tmp/GraphicsConsoleDxe.dll.AguWDc.ltrans0.ltrans.o
 .data.gEfiSimpleTextOutProtocolGuid
                0x0000000000004670       0x10 /tmp/GraphicsConsoleDxe.dll.AguWDc.ltrans0.ltrans.o
 .data.mCrLfString
                0x0000000000004680        0x6 /tmp/GraphicsConsoleDxe.dll.AguWDc.ltrans0.ltrans.o
 .data.SpaceStr
                0x0000000000004686        0x6 /tmp/GraphicsConsoleDxe.dll.AguWDc.ltrans0.ltrans.o
 *fill*         0x000000000000468c       0x14 
 .data.mGraphicsEfiColors
                0x00000000000046a0       0x40 /tmp/GraphicsConsoleDxe.dll.AguWDc.ltrans0.ltrans.o
 .data.gUsStdNarrowGlyphData
                0x00000000000046e0     0x14cc /tmp/GraphicsConsoleDxe.dll.AguWDc.ltrans0.ltrans.o
 *fill*         0x0000000000005bac        0x4 
 .data.gPcdProtocolGuid
                0x0000000000005bb0       0x10 /tmp/GraphicsConsoleDxe.dll.AguWDc.ltrans0.ltrans.o
 .data.gEfiDevicePathUtilitiesProtocolGuid
                0x0000000000005bc0       0x10 /tmp/GraphicsConsoleDxe.dll.AguWDc.ltrans0.ltrans.o
 .data.gEfiHiiImageProtocolGuid
                0x0000000000005bd0       0x10 /tmp/GraphicsConsoleDxe.dll.AguWDc.ltrans0.ltrans.o
 .data.gEfiHiiFontProtocolGuid
                0x0000000000005be0       0x10 /tmp/GraphicsConsoleDxe.dll.AguWDc.ltrans0.ltrans.o
 .data.gEfiHiiConfigRoutingProtocolGuid
                0x0000000000005bf0       0x10 /tmp/GraphicsConsoleDxe.dll.AguWDc.ltrans0.ltrans.o
 .data.gEfiHiiStringProtocolGuid
                0x0000000000005c00       0x10 /tmp/GraphicsConsoleDxe.dll.AguWDc.ltrans0.ltrans.o
 .data.gEfiComponentNameProtocolGuid
                0x0000000000005c10       0x10 /tmp/GraphicsConsoleDxe.dll.AguWDc.ltrans0.ltrans.o
 .data.gEfiComponentName2ProtocolGuid
                0x0000000000005c20       0x10 /tmp/GraphicsConsoleDxe.dll.AguWDc.ltrans0.ltrans.o
 .data.gEfiDriverBindingProtocolGuid
                0x0000000000005c30       0x10 /tmp/GraphicsConsoleDxe.dll.AguWDc.ltrans0.ltrans.o
 .data.rel.local.gGraphicsConsoleComponentName2
                0x0000000000005c40       0x18 /tmp/GraphicsConsoleDxe.dll.AguWDc.ltrans0.ltrans.o
 *fill*         0x0000000000005c58        0x8 
 .data.rel.local.gGraphicsConsoleComponentName
                0x0000000000005c60       0x18 /tmp/GraphicsConsoleDxe.dll.AguWDc.ltrans0.ltrans.o
 *fill*         0x0000000000005c78        0x8 
 .data.rel.local.gGraphicsConsoleDriverBinding
                0x0000000000005c80       0x30 /tmp/GraphicsConsoleDxe.dll.AguWDc.ltrans0.ltrans.o
 .data.gEfiHiiDatabaseProtocolGuid
                0x0000000000005cb0       0x10 /tmp/GraphicsConsoleDxe.dll.AguWDc.ltrans0.ltrans.o
 .data.mFontPackageListGuid
                0x0000000000005cc0       0x10 /tmp/GraphicsConsoleDxe.dll.AguWDc.ltrans0.ltrans.o
 .data.rel.ro   0x0000000000005cd0        0x0 ComponentName.obj (symbol from plugin)
 *(.bss .bss.*)
 .bss.mHiiDatabase
                0x0000000000005cd0        0x8 /tmp/GraphicsConsoleDxe.dll.AguWDc.ltrans0.ltrans.o
 .bss.mHiiFont  0x0000000000005cd8        0x8 /tmp/GraphicsConsoleDxe.dll.AguWDc.ltrans0.ltrans.o
 .bss.mHiiHandle
                0x0000000000005ce0        0x8 /tmp/GraphicsConsoleDxe.dll.AguWDc.ltrans0.ltrans.o
 .bss.mPcd      0x0000000000005ce8        0x8 /tmp/GraphicsConsoleDxe.dll.AguWDc.ltrans0.ltrans.o
 .bss.gST       0x0000000000005cf0        0x8 /tmp/GraphicsConsoleDxe.dll.AguWDc.ltrans0.ltrans.o
 .bss.gImageHandle
                0x0000000000005cf8        0x8 /tmp/GraphicsConsoleDxe.dll.AguWDc.ltrans0.ltrans.o
 .bss.gRT       0x0000000000005d00        0x8 /tmp/GraphicsConsoleDxe.dll.AguWDc.ltrans0.ltrans.o
 .bss.mDevicePathLibDevicePathUtilities
                0x0000000000005d08        0x8 /tmp/GraphicsConsoleDxe.dll.AguWDc.ltrans0.ltrans.o
 .bss.gHiiImage
                0x0000000000005d10        0x8 /tmp/GraphicsConsoleDxe.dll.AguWDc.ltrans0.ltrans.o
 .bss.gHiiFont  0x0000000000005d18        0x8 /tmp/GraphicsConsoleDxe.dll.AguWDc.ltrans0.ltrans.o
 .bss.gHiiConfigRouting
                0x0000000000005d20        0x8 /tmp/GraphicsConsoleDxe.dll.AguWDc.ltrans0.ltrans.o
 .bss.gHiiString
                0x0000000000005d28        0x8 /tmp/GraphicsConsoleDxe.dll.AguWDc.ltrans0.ltrans.o
 .bss.mHiiRegistration
                0x0000000000005d30        0x8 /tmp/GraphicsConsoleDxe.dll.AguWDc.ltrans0.ltrans.o
 .bss.gHiiDatabase
                0x0000000000005d38        0x8 /tmp/GraphicsConsoleDxe.dll.AguWDc.ltrans0.ltrans.o
 .bss.gBS       0x0000000000005d40        0x8 /tmp/GraphicsConsoleDxe.dll.AguWDc.ltrans0.ltrans.o

.eh_frame       0x0000000000005d80        0x0
 *(.eh_frame)
 .eh_frame      0x0000000000005d80        0x0 ComponentName.obj (symbol from plugin)
 .eh_frame      0x0000000000005d80        0x0 ComponentName.obj (symbol from plugin)

.dynbss         0x0000000000005d80        0x0
 .dynbss        0x0000000000005d80        0x0 ComponentName.obj (symbol from plugin)

.gnu.version_d  0x0000000000005d80        0x0
 .gnu.version_d
                0x0000000000005d80        0x0 ComponentName.obj (symbol from plugin)

.gnu.version    0x0000000000005d80        0x0
 .gnu.version   0x0000000000005d80        0x0 ComponentName.obj (symbol from plugin)

.gnu.version_r  0x0000000000005d80        0x0
 .gnu.version_r
                0x0000000000005d80        0x0 ComponentName.obj (symbol from plugin)

.rela           0x0000000000005d80      0x1e0
 *(.rela .rela.*)
 .rela.plt      0x0000000000005d80        0x0 ComponentName.obj (symbol from plugin)
 .rela.got      0x0000000000005d80        0x0 ComponentName.obj (symbol from plugin)
 .rela.bss      0x0000000000005d80        0x0 ComponentName.obj (symbol from plugin)
 .rela.data.rel.ro
                0x0000000000005d80        0x0 ComponentName.obj (symbol from plugin)
 .rela.ifunc    0x0000000000005d80        0x0 ComponentName.obj (symbol from plugin)
 .rela.data.rel.local.mGraphicsConsoleDriverNameTable
                0x0000000000005d80       0x30 ComponentName.obj (symbol from plugin)
 .rela.data.rel.local.mGraphicsConsoleDevTemplate
                0x0000000000005db0       0xd8 ComponentName.obj (symbol from plugin)
 .rela.data.rel.local.gGraphicsConsoleComponentName2
                0x0000000000005e88       0x48 ComponentName.obj (symbol from plugin)
 .rela.data.rel.local.gGraphicsConsoleComponentName
                0x0000000000005ed0       0x48 ComponentName.obj (symbol from plugin)
 .rela.data.rel.local.gGraphicsConsoleDriverBinding
                0x0000000000005f18       0x48 ComponentName.obj (symbol from plugin)

.hii
 *(.hii)

.build-id       0x0000000000005f60       0x24
 *(.note.gnu.build-id)
 .note.gnu.build-id
                0x0000000000005f60       0x24 ComponentName.obj (symbol from plugin)

/DISCARD/
 *(.note.GNU-stack)
 *(.gnu_debuglink)
 *(.interp)
 *(.dynsym)
 *(.dynstr)
 *(.dynamic)
 *(.hash .gnu.hash)
 *(.comment)
OUTPUT(/home/anna/AMDSEV/ovmf/Build/OvmfX64/DEBUG_GCC5/X64/MdeModulePkg/Universal/Console/GraphicsConsoleDxe/GraphicsConsoleDxe/DEBUG/GraphicsConsoleDxe.dll elf64-x86-64)

.debug_info     0x0000000000000000    0x2cfe4
 .debug_info    0x0000000000000000     0x4896 /tmp/GraphicsConsoleDxe.dll.AguWDc.ltrans0.ltrans.o
 .debug_info    0x0000000000004896     0x1e4e /tmp/ccbHQoPa.debug.temp.o
                0x0000000000004896                ComponentName.c.29b23f77
 .debug_info    0x00000000000066e4     0x1d85 /tmp/ccmcs4P9.debug.temp.o
                0x00000000000066e4                LaffStd.c.f52852fa
 .debug_info    0x0000000000008469     0x358a /tmp/cc4hkxv9.debug.temp.o
                0x0000000000008469                GraphicsConsole.c.e8598bbf
 .debug_info    0x000000000000b9f3     0x1dc3 /tmp/ccpsjty8.debug.temp.o
                0x000000000000b9f3                AutoGen.c.79320ca6
 .debug_info    0x000000000000d7b6      0x3c1 /tmp/ccs36lYa.debug.temp.o
                0x000000000000d7b6                RegisterFilterLibNull.c.02c48ffe
 .debug_info    0x000000000000db77      0x457 /tmp/ccQgOVB8.debug.temp.o
                0x000000000000db77                CheckSum.c.a26260fb
 .debug_info    0x000000000000dfce      0x238 /tmp/ccLO2U08.debug.temp.o
                0x000000000000dfce                SwitchStack.c.6e4243bd
 .debug_info    0x000000000000e206      0x2b1 /tmp/ccvxeMxb.debug.temp.o
                0x000000000000e206                LongJump.c.cd7ea5a1
 .debug_info    0x000000000000e4b7      0x2a5 /tmp/ccLhqGNb.debug.temp.o
                0x000000000000e4b7                SetJump.c.229f2ccf
 .debug_info    0x000000000000e75c      0x1db /tmp/cct2xy6a.debug.temp.o
                0x000000000000e75c                MultS64x64.c.1b01f6dd
 .debug_info    0x000000000000e937      0x1e5 /tmp/ccA9FFW8.debug.temp.o
                0x000000000000e937                DivU64x32Remainder.c.9b8b64e8
 .debug_info    0x000000000000eb1c      0x1d0 /tmp/ccWxeJia.debug.temp.o
                0x000000000000eb1c                CpuDeadLoop.c.1f09ddaf
 .debug_info    0x000000000000ecec     0x1004 /tmp/cc75Zbna.debug.temp.o
                0x000000000000ecec                SafeString.c.f28b9ab6
 .debug_info    0x000000000000fcf0      0x7f3 /tmp/cck1k8Qb.debug.temp.o
                0x000000000000fcf0                String.c.54eda43e
 .debug_info    0x00000000000104e3      0x43c /tmp/cclsD9p9.debug.temp.o
                0x00000000000104e3                Math64.c.8ec7bd7a
 .debug_info    0x000000000001091f      0x2f0 /tmp/cc6TbnU8.debug.temp.o
                0x000000000001091f                Unaligned.c.fb5c0df8
 .debug_info    0x0000000000010c0f      0x458 /tmp/ccagIUtc.debug.temp.o
                0x0000000000010c0f                GccInline.c.5e41727a
 .debug_info    0x0000000000011067     0x2be8 /tmp/ccYt23Qa.debug.temp.o
                0x0000000000011067                DxePcdLib.c.b9bf927e
 .debug_info    0x0000000000013c4f      0x17a /tmp/cc7H7Az9.debug.temp.o
                0x0000000000013c4f                ZeroMemWrapper.c.1b60136a
 .debug_info    0x0000000000013dc9      0x18d /tmp/cc6N5xXc.debug.temp.o
                0x0000000000013dc9                CopyMemWrapper.c.f521e8f2
 .debug_info    0x0000000000013f56      0x265 /tmp/ccmr8NGa.debug.temp.o
                0x0000000000013f56                MemLibGuid.c.5f9d361e
 .debug_info    0x00000000000141bb      0x311 /tmp/ccOiQQlb.debug.temp.o
                0x00000000000141bb                CcProbeLib.c.dd21735c
 .debug_info    0x00000000000144cc      0x2b4 /tmp/ccwq7xX9.debug.temp.o
                0x00000000000144cc                IoLibGcc.c.d3d1dc93
 .debug_info    0x0000000000014780      0x6c8 /tmp/ccwFdbZa.debug.temp.o
                0x0000000000014780                IoLibInternalTdx.c.e2e2f9d0
 .debug_info    0x0000000000014e48      0x18d /tmp/ccsgfZ09.debug.temp.o
                0x0000000000014e48                BaseDebugPrintErrorLevelLib.c.2b42fa63
 .debug_info    0x0000000000014fd5      0x43e /tmp/cc4VK4Ub.debug.temp.o
                0x0000000000014fd5                SerialPortLib.c.0705111e
 .debug_info    0x0000000000015413      0x763 /tmp/ccq8BbFb.debug.temp.o
                0x0000000000015413                PrintLibInternal.c.9209965f
 .debug_info    0x0000000000015b76      0x658 /tmp/ccTfjqua.debug.temp.o
                0x0000000000015b76                PrintLib.c.bd74b7c9
 .debug_info    0x00000000000161ce      0x3bd /tmp/ccGVSqJ8.debug.temp.o
                0x00000000000161ce                DebugLib.c.4714c63a
 .debug_info    0x000000000001658b     0x18e1 /tmp/cczivf78.debug.temp.o
                0x000000000001658b                UefiBootServicesTableLib.c.28a9e42d
 .debug_info    0x0000000000017e6c     0x1de1 /tmp/cchLfZAc.debug.temp.o
                0x0000000000017e6c                MemoryAllocationLib.c.b4332269
 .debug_info    0x0000000000019c4d     0x18b2 /tmp/ccxuvKSb.debug.temp.o
                0x0000000000019c4d                UefiRuntimeServicesTableLib.c.185d6cd5
 .debug_info    0x000000000001b4ff     0x2032 /tmp/cc98D9fb.debug.temp.o
                0x000000000001b4ff                UefiDevicePathLib.c.e6f9a59f
 .debug_info    0x000000000001d531     0x2959 /tmp/ccsq7Nlb.debug.temp.o
                0x000000000001d531                UefiHiiServicesLib.c.82f92c19
 .debug_info    0x000000000001fe8a     0x1c06 /tmp/ccwxFh4b.debug.temp.o
                0x000000000001fe8a                UefiNotTiano.c.a1861829
 .debug_info    0x0000000000021a90     0x2307 /tmp/ccKefjba.debug.temp.o
                0x0000000000021a90                UefiDriverModel.c.5bd22db0
 .debug_info    0x0000000000023d97     0x2777 /tmp/ccaONtBa.debug.temp.o
                0x0000000000023d97                UefiLib.c.50acd4ac
 .debug_info    0x000000000002650e     0x1a57 /tmp/ccIz47Lb.debug.temp.o
                0x000000000002650e                DriverEntryPoint.c.73d94782
 .debug_info    0x0000000000027f65     0x507f /tmp/ccZbltBa.debug.temp.o
                0x0000000000027f65                HiiLib.c.2256f0b1

.debug_abbrev   0x0000000000000000     0x3b57
 .debug_abbrev  0x0000000000000000      0x27f /tmp/GraphicsConsoleDxe.dll.AguWDc.ltrans0.ltrans.o
 .debug_abbrev  0x000000000000027f      0x1ff /tmp/ccbHQoPa.debug.temp.o
 .debug_abbrev  0x000000000000047e      0x1c4 /tmp/ccmcs4P9.debug.temp.o
 .debug_abbrev  0x0000000000000642      0x2d5 /tmp/cc4hkxv9.debug.temp.o
 .debug_abbrev  0x0000000000000917      0x22c /tmp/ccpsjty8.debug.temp.o
 .debug_abbrev  0x0000000000000b43      0x117 /tmp/ccs36lYa.debug.temp.o
 .debug_abbrev  0x0000000000000c5a      0x13e /tmp/ccQgOVB8.debug.temp.o
 .debug_abbrev  0x0000000000000d98       0xf4 /tmp/ccLO2U08.debug.temp.o
 .debug_abbrev  0x0000000000000e8c       0xd1 /tmp/ccvxeMxb.debug.temp.o
 .debug_abbrev  0x0000000000000f5d       0xd1 /tmp/ccLhqGNb.debug.temp.o
 .debug_abbrev  0x000000000000102e       0xb1 /tmp/cct2xy6a.debug.temp.o
 .debug_abbrev  0x00000000000010df       0xb3 /tmp/ccA9FFW8.debug.temp.o
 .debug_abbrev  0x0000000000001192       0xb6 /tmp/ccWxeJia.debug.temp.o
 .debug_abbrev  0x0000000000001248      0x138 /tmp/cc75Zbna.debug.temp.o
 .debug_abbrev  0x0000000000001380      0x126 /tmp/cck1k8Qb.debug.temp.o
 .debug_abbrev  0x00000000000014a6       0xf9 /tmp/cclsD9p9.debug.temp.o
 .debug_abbrev  0x000000000000159f       0xb3 /tmp/cc6TbnU8.debug.temp.o
 .debug_abbrev  0x0000000000001652      0x164 /tmp/ccagIUtc.debug.temp.o
 .debug_abbrev  0x00000000000017b6      0x25c /tmp/ccYt23Qa.debug.temp.o
 .debug_abbrev  0x0000000000001a12       0xb1 /tmp/cc7H7Az9.debug.temp.o
 .debug_abbrev  0x0000000000001ac3       0xb6 /tmp/cc6N5xXc.debug.temp.o
 .debug_abbrev  0x0000000000001b79       0xce /tmp/ccmr8NGa.debug.temp.o
 .debug_abbrev  0x0000000000001c47       0xfe /tmp/ccOiQQlb.debug.temp.o
 .debug_abbrev  0x0000000000001d45       0xea /tmp/ccwq7xX9.debug.temp.o
 .debug_abbrev  0x0000000000001e2f      0x155 /tmp/ccwFdbZa.debug.temp.o
 .debug_abbrev  0x0000000000001f84       0xc6 /tmp/ccsgfZ09.debug.temp.o
 .debug_abbrev  0x000000000000204a      0x16e /tmp/cc4VK4Ub.debug.temp.o
 .debug_abbrev  0x00000000000021b8      0x149 /tmp/ccq8BbFb.debug.temp.o
 .debug_abbrev  0x0000000000002301      0x138 /tmp/ccTfjqua.debug.temp.o
 .debug_abbrev  0x0000000000002439      0x154 /tmp/ccGVSqJ8.debug.temp.o
 .debug_abbrev  0x000000000000258d      0x1dd /tmp/cczivf78.debug.temp.o
 .debug_abbrev  0x000000000000276a      0x242 /tmp/cchLfZAc.debug.temp.o
 .debug_abbrev  0x00000000000029ac      0x1c3 /tmp/ccxuvKSb.debug.temp.o
 .debug_abbrev  0x0000000000002b6f      0x240 /tmp/cc98D9fb.debug.temp.o
 .debug_abbrev  0x0000000000002daf      0x216 /tmp/ccsq7Nlb.debug.temp.o
 .debug_abbrev  0x0000000000002fc5      0x233 /tmp/ccwxFh4b.debug.temp.o
 .debug_abbrev  0x00000000000031f8      0x21c /tmp/ccKefjba.debug.temp.o
 .debug_abbrev  0x0000000000003414      0x256 /tmp/ccaONtBa.debug.temp.o
 .debug_abbrev  0x000000000000366a      0x1e9 /tmp/ccIz47Lb.debug.temp.o
 .debug_abbrev  0x0000000000003853      0x304 /tmp/ccZbltBa.debug.temp.o

.debug_loc      0x0000000000000000     0x6c0e
 .debug_loc     0x0000000000000000     0x6c0e /tmp/GraphicsConsoleDxe.dll.AguWDc.ltrans0.ltrans.o

.debug_aranges  0x0000000000000000      0x300
 .debug_aranges
                0x0000000000000000      0x300 /tmp/GraphicsConsoleDxe.dll.AguWDc.ltrans0.ltrans.o

.debug_ranges   0x0000000000000000     0x1130
 .debug_ranges  0x0000000000000000     0x1130 /tmp/GraphicsConsoleDxe.dll.AguWDc.ltrans0.ltrans.o

.debug_line     0x0000000000000000     0x8861
 .debug_line    0x0000000000000000     0x3422 /tmp/GraphicsConsoleDxe.dll.AguWDc.ltrans0.ltrans.o
 .debug_line    0x0000000000003422      0x3d8 /tmp/ccbHQoPa.debug.temp.o
 .debug_line    0x00000000000037fa      0x3c5 /tmp/ccmcs4P9.debug.temp.o
 .debug_line    0x0000000000003bbf      0x41a /tmp/cc4hkxv9.debug.temp.o
 .debug_line    0x0000000000003fd9      0x2c6 /tmp/ccpsjty8.debug.temp.o
 .debug_line    0x000000000000429f      0x1a9 /tmp/ccs36lYa.debug.temp.o
 .debug_line    0x0000000000004448      0x12d /tmp/ccQgOVB8.debug.temp.o
 .debug_line    0x0000000000004575      0x16b /tmp/ccLO2U08.debug.temp.o
 .debug_line    0x00000000000046e0      0x168 /tmp/ccvxeMxb.debug.temp.o
 .debug_line    0x0000000000004848      0x167 /tmp/ccLhqGNb.debug.temp.o
 .debug_line    0x00000000000049af      0x12f /tmp/cct2xy6a.debug.temp.o
 .debug_line    0x0000000000004ade      0x137 /tmp/ccA9FFW8.debug.temp.o
 .debug_line    0x0000000000004c15      0x130 /tmp/ccWxeJia.debug.temp.o
 .debug_line    0x0000000000004d45      0x12f /tmp/cc75Zbna.debug.temp.o
 .debug_line    0x0000000000004e74      0x12b /tmp/cck1k8Qb.debug.temp.o
 .debug_line    0x0000000000004f9f      0x12b /tmp/cclsD9p9.debug.temp.o
 .debug_line    0x00000000000050ca      0x12e /tmp/cc6TbnU8.debug.temp.o
 .debug_line    0x00000000000051f8      0x16d /tmp/ccagIUtc.debug.temp.o
 .debug_line    0x0000000000005365      0x345 /tmp/ccYt23Qa.debug.temp.o
 .debug_line    0x00000000000056aa      0x157 /tmp/cc7H7Az9.debug.temp.o
 .debug_line    0x0000000000005801      0x157 /tmp/cc6N5xXc.debug.temp.o
 .debug_line    0x0000000000005958      0x153 /tmp/ccmr8NGa.debug.temp.o
 .debug_line    0x0000000000005aab      0x193 /tmp/ccOiQQlb.debug.temp.o
 .debug_line    0x0000000000005c3e      0x196 /tmp/ccwq7xX9.debug.temp.o
 .debug_line    0x0000000000005dd4      0x17d /tmp/ccwFdbZa.debug.temp.o
 .debug_line    0x0000000000005f51      0x17c /tmp/ccsgfZ09.debug.temp.o
 .debug_line    0x00000000000060cd      0x1c8 /tmp/cc4VK4Ub.debug.temp.o
 .debug_line    0x0000000000006295      0x15a /tmp/ccq8BbFb.debug.temp.o
 .debug_line    0x00000000000063ef      0x13c /tmp/ccTfjqua.debug.temp.o
 .debug_line    0x000000000000652b      0x1d4 /tmp/ccGVSqJ8.debug.temp.o
 .debug_line    0x00000000000066ff      0x2f8 /tmp/cczivf78.debug.temp.o
 .debug_line    0x00000000000069f7      0x2f0 /tmp/cchLfZAc.debug.temp.o
 .debug_line    0x0000000000006ce7      0x2b8 /tmp/ccxuvKSb.debug.temp.o
 .debug_line    0x0000000000006f9f      0x359 /tmp/cc98D9fb.debug.temp.o
 .debug_line    0x00000000000072f8      0x3c1 /tmp/ccsq7Nlb.debug.temp.o
 .debug_line    0x00000000000076b9      0x309 /tmp/ccwxFh4b.debug.temp.o
 .debug_line    0x00000000000079c2      0x3a8 /tmp/ccKefjba.debug.temp.o
 .debug_line    0x0000000000007d6a      0x327 /tmp/ccaONtBa.debug.temp.o
 .debug_line    0x0000000000008091      0x30f /tmp/ccIz47Lb.debug.temp.o
 .debug_line    0x00000000000083a0      0x4c1 /tmp/ccZbltBa.debug.temp.o

.debug_str      0x0000000000000000     0x8613
 .debug_str     0x0000000000000000      0x22e /tmp/GraphicsConsoleDxe.dll.AguWDc.ltrans0.ltrans.o
                                        0x240 (size before relaxing)
 .debug_str     0x000000000000022e     0x1a76 /tmp/ccbHQoPa.debug.temp.o
                                       0x1d64 (size before relaxing)
 .debug_str     0x0000000000001ca4       0x53 /tmp/ccmcs4P9.debug.temp.o
                                       0x1c8b (size before relaxing)
 .debug_str     0x0000000000001cf7      0xee3 /tmp/cc4hkxv9.debug.temp.o
                                       0x2cdd (size before relaxing)
 .debug_str     0x0000000000002bda      0x40b /tmp/ccpsjty8.debug.temp.o
                                       0x1d9c (size before relaxing)
 .debug_str     0x0000000000002fe5      0x1fa /tmp/ccs36lYa.debug.temp.o
                                        0x482 (size before relaxing)
 .debug_str     0x00000000000031df      0x12f /tmp/ccQgOVB8.debug.temp.o
                                        0x4f3 (size before relaxing)
 .debug_str     0x000000000000330e       0x99 /tmp/ccLO2U08.debug.temp.o
                                        0x499 (size before relaxing)
 .debug_str     0x00000000000033a7       0x6b /tmp/ccvxeMxb.debug.temp.o
                                        0x46a (size before relaxing)
 .debug_str     0x0000000000003412       0x51 /tmp/ccLhqGNb.debug.temp.o
                                        0x473 (size before relaxing)
 .debug_str     0x0000000000003463       0x5e /tmp/cct2xy6a.debug.temp.o
                                        0x44c (size before relaxing)
 .debug_str     0x00000000000034c1       0x67 /tmp/ccA9FFW8.debug.temp.o
                                        0x459 (size before relaxing)
 .debug_str     0x0000000000003528       0x48 /tmp/ccWxeJia.debug.temp.o
                                        0x43c (size before relaxing)
 .debug_str     0x0000000000003570      0x2f6 /tmp/cc75Zbna.debug.temp.o
                                        0x808 (size before relaxing)
 .debug_str     0x0000000000003866      0x2da /tmp/cck1k8Qb.debug.temp.o
                                        0x7bd (size before relaxing)
 .debug_str     0x0000000000003b40      0x188 /tmp/cclsD9p9.debug.temp.o
                                        0x5ba (size before relaxing)
 .debug_str     0x0000000000003cc8       0xbe /tmp/cc6TbnU8.debug.temp.o
                                        0x4b3 (size before relaxing)
 .debug_str     0x0000000000003d86      0x177 /tmp/ccagIUtc.debug.temp.o
                                        0x57e (size before relaxing)
 .debug_str     0x0000000000003efd      0x9a8 /tmp/ccYt23Qa.debug.temp.o
                                       0x2116 (size before relaxing)
 .debug_str     0x00000000000048a5       0xb6 /tmp/cc7H7Az9.debug.temp.o
                                        0x333 (size before relaxing)
 .debug_str     0x000000000000495b       0x6a /tmp/cc6N5xXc.debug.temp.o
                                        0x34b (size before relaxing)
 .debug_str     0x00000000000049c5       0xee /tmp/ccmr8NGa.debug.temp.o
                                        0x3df (size before relaxing)
 .debug_str     0x0000000000004ab3      0x1df /tmp/ccOiQQlb.debug.temp.o
                                        0x510 (size before relaxing)
 .debug_str     0x0000000000004c92       0xb5 /tmp/ccwq7xX9.debug.temp.o
                                        0x39a (size before relaxing)
 .debug_str     0x0000000000004d47      0x170 /tmp/ccwFdbZa.debug.temp.o
                                        0x4ae (size before relaxing)
 .debug_str     0x0000000000004eb7      0x10b /tmp/ccsgfZ09.debug.temp.o
                                        0x3bb (size before relaxing)
 .debug_str     0x0000000000004fc2      0x294 /tmp/cc4VK4Ub.debug.temp.o
                                        0x545 (size before relaxing)
 .debug_str     0x0000000000005256      0x2c9 /tmp/ccq8BbFb.debug.temp.o
                                        0x6c4 (size before relaxing)
 .debug_str     0x000000000000551f      0x185 /tmp/ccTfjqua.debug.temp.o
                                        0x55a (size before relaxing)
 .debug_str     0x00000000000056a4      0x1b4 /tmp/ccGVSqJ8.debug.temp.o
                                        0x57c (size before relaxing)
 .debug_str     0x0000000000005858       0xf3 /tmp/cczivf78.debug.temp.o
                                       0x156b (size before relaxing)
 .debug_str     0x000000000000594b      0x300 /tmp/cchLfZAc.debug.temp.o
                                       0x17d7 (size before relaxing)
 .debug_str     0x0000000000005c4b      0x102 /tmp/ccxuvKSb.debug.temp.o
                                       0x156d (size before relaxing)
 .debug_str     0x0000000000005d4d      0x616 /tmp/cc98D9fb.debug.temp.o
                                       0x1c14 (size before relaxing)
 .debug_str     0x0000000000006363      0x3a3 /tmp/ccsq7Nlb.debug.temp.o
                                       0x21c8 (size before relaxing)
 .debug_str     0x0000000000006706      0x2c0 /tmp/ccwxFh4b.debug.temp.o
                                       0x1a6d (size before relaxing)
 .debug_str     0x00000000000069c6      0x549 /tmp/ccKefjba.debug.temp.o
                                       0x20a8 (size before relaxing)
 .debug_str     0x0000000000006f0f      0x5e0 /tmp/ccaONtBa.debug.temp.o
                                       0x208c (size before relaxing)
 .debug_str     0x00000000000074ef      0x173 /tmp/ccIz47Lb.debug.temp.o
                                       0x168e (size before relaxing)
 .debug_str     0x0000000000007662      0xfb1 /tmp/ccZbltBa.debug.temp.o
                                       0x35b3 (size before relaxing)

.debug_frame    0x0000000000000000      0xc10
 .debug_frame   0x0000000000000000      0xc10 /tmp/GraphicsConsoleDxe.dll.AguWDc.ltrans0.ltrans.o
