Archive member included to satisfy reference by file (symbol)

/home/anna/AMDSEV/ovmf/Build/OvmfX64/DEBUG_GCC5/X64/OvmfPkg/VirtioFsDxe/VirtioFsDxe/OUTPUT/VirtioFsDxe.lib(DriverBinding.obj)
                              (--whole-archive)
/home/anna/AMDSEV/ovmf/Build/OvmfX64/DEBUG_GCC5/X64/OvmfPkg/VirtioFsDxe/VirtioFsDxe/OUTPUT/VirtioFsDxe.lib(FuseFlush.obj)
                              (--whole-archive)
/home/anna/AMDSEV/ovmf/Build/OvmfX64/DEBUG_GCC5/X64/OvmfPkg/VirtioFsDxe/VirtioFsDxe/OUTPUT/VirtioFsDxe.lib(FuseForget.obj)
                              (--whole-archive)
/home/anna/AMDSEV/ovmf/Build/OvmfX64/DEBUG_GCC5/X64/OvmfPkg/VirtioFsDxe/VirtioFsDxe/OUTPUT/VirtioFsDxe.lib(FuseFsync.obj)
                              (--whole-archive)
/home/anna/AMDSEV/ovmf/Build/OvmfX64/DEBUG_GCC5/X64/OvmfPkg/VirtioFsDxe/VirtioFsDxe/OUTPUT/VirtioFsDxe.lib(FuseGetAttr.obj)
                              (--whole-archive)
/home/anna/AMDSEV/ovmf/Build/OvmfX64/DEBUG_GCC5/X64/OvmfPkg/VirtioFsDxe/VirtioFsDxe/OUTPUT/VirtioFsDxe.lib(FuseInit.obj)
                              (--whole-archive)
/home/anna/AMDSEV/ovmf/Build/OvmfX64/DEBUG_GCC5/X64/OvmfPkg/VirtioFsDxe/VirtioFsDxe/OUTPUT/VirtioFsDxe.lib(FuseLookup.obj)
                              (--whole-archive)
/home/anna/AMDSEV/ovmf/Build/OvmfX64/DEBUG_GCC5/X64/OvmfPkg/VirtioFsDxe/VirtioFsDxe/OUTPUT/VirtioFsDxe.lib(FuseMkDir.obj)
                              (--whole-archive)
/home/anna/AMDSEV/ovmf/Build/OvmfX64/DEBUG_GCC5/X64/OvmfPkg/VirtioFsDxe/VirtioFsDxe/OUTPUT/VirtioFsDxe.lib(FuseOpen.obj)
                              (--whole-archive)
/home/anna/AMDSEV/ovmf/Build/OvmfX64/DEBUG_GCC5/X64/OvmfPkg/VirtioFsDxe/VirtioFsDxe/OUTPUT/VirtioFsDxe.lib(FuseOpenDir.obj)
                              (--whole-archive)
/home/anna/AMDSEV/ovmf/Build/OvmfX64/DEBUG_GCC5/X64/OvmfPkg/VirtioFsDxe/VirtioFsDxe/OUTPUT/VirtioFsDxe.lib(FuseOpenOrCreate.obj)
                              (--whole-archive)
/home/anna/AMDSEV/ovmf/Build/OvmfX64/DEBUG_GCC5/X64/OvmfPkg/VirtioFsDxe/VirtioFsDxe/OUTPUT/VirtioFsDxe.lib(FuseRead.obj)
                              (--whole-archive)
/home/anna/AMDSEV/ovmf/Build/OvmfX64/DEBUG_GCC5/X64/OvmfPkg/VirtioFsDxe/VirtioFsDxe/OUTPUT/VirtioFsDxe.lib(FuseRelease.obj)
                              (--whole-archive)
/home/anna/AMDSEV/ovmf/Build/OvmfX64/DEBUG_GCC5/X64/OvmfPkg/VirtioFsDxe/VirtioFsDxe/OUTPUT/VirtioFsDxe.lib(FuseRename.obj)
                              (--whole-archive)
/home/anna/AMDSEV/ovmf/Build/OvmfX64/DEBUG_GCC5/X64/OvmfPkg/VirtioFsDxe/VirtioFsDxe/OUTPUT/VirtioFsDxe.lib(FuseSetAttr.obj)
                              (--whole-archive)
/home/anna/AMDSEV/ovmf/Build/OvmfX64/DEBUG_GCC5/X64/OvmfPkg/VirtioFsDxe/VirtioFsDxe/OUTPUT/VirtioFsDxe.lib(FuseStatFs.obj)
                              (--whole-archive)
/home/anna/AMDSEV/ovmf/Build/OvmfX64/DEBUG_GCC5/X64/OvmfPkg/VirtioFsDxe/VirtioFsDxe/OUTPUT/VirtioFsDxe.lib(FuseUnlink.obj)
                              (--whole-archive)
/home/anna/AMDSEV/ovmf/Build/OvmfX64/DEBUG_GCC5/X64/OvmfPkg/VirtioFsDxe/VirtioFsDxe/OUTPUT/VirtioFsDxe.lib(FuseWrite.obj)
                              (--whole-archive)
/home/anna/AMDSEV/ovmf/Build/OvmfX64/DEBUG_GCC5/X64/OvmfPkg/VirtioFsDxe/VirtioFsDxe/OUTPUT/VirtioFsDxe.lib(Helpers.obj)
                              (--whole-archive)
/home/anna/AMDSEV/ovmf/Build/OvmfX64/DEBUG_GCC5/X64/OvmfPkg/VirtioFsDxe/VirtioFsDxe/OUTPUT/VirtioFsDxe.lib(SimpleFsClose.obj)
                              (--whole-archive)
/home/anna/AMDSEV/ovmf/Build/OvmfX64/DEBUG_GCC5/X64/OvmfPkg/VirtioFsDxe/VirtioFsDxe/OUTPUT/VirtioFsDxe.lib(SimpleFsDelete.obj)
                              (--whole-archive)
/home/anna/AMDSEV/ovmf/Build/OvmfX64/DEBUG_GCC5/X64/OvmfPkg/VirtioFsDxe/VirtioFsDxe/OUTPUT/VirtioFsDxe.lib(SimpleFsFlush.obj)
                              (--whole-archive)
/home/anna/AMDSEV/ovmf/Build/OvmfX64/DEBUG_GCC5/X64/OvmfPkg/VirtioFsDxe/VirtioFsDxe/OUTPUT/VirtioFsDxe.lib(SimpleFsGetInfo.obj)
                              (--whole-archive)
/home/anna/AMDSEV/ovmf/Build/OvmfX64/DEBUG_GCC5/X64/OvmfPkg/VirtioFsDxe/VirtioFsDxe/OUTPUT/VirtioFsDxe.lib(SimpleFsGetPosition.obj)
                              (--whole-archive)
/home/anna/AMDSEV/ovmf/Build/OvmfX64/DEBUG_GCC5/X64/OvmfPkg/VirtioFsDxe/VirtioFsDxe/OUTPUT/VirtioFsDxe.lib(SimpleFsOpen.obj)
                              (--whole-archive)
/home/anna/AMDSEV/ovmf/Build/OvmfX64/DEBUG_GCC5/X64/OvmfPkg/VirtioFsDxe/VirtioFsDxe/OUTPUT/VirtioFsDxe.lib(SimpleFsOpenVolume.obj)
                              (--whole-archive)
/home/anna/AMDSEV/ovmf/Build/OvmfX64/DEBUG_GCC5/X64/OvmfPkg/VirtioFsDxe/VirtioFsDxe/OUTPUT/VirtioFsDxe.lib(SimpleFsRead.obj)
                              (--whole-archive)
/home/anna/AMDSEV/ovmf/Build/OvmfX64/DEBUG_GCC5/X64/OvmfPkg/VirtioFsDxe/VirtioFsDxe/OUTPUT/VirtioFsDxe.lib(SimpleFsSetInfo.obj)
                              (--whole-archive)
[...]
Memory Configuration

Name             Origin             Length             Attributes
*default*        0x0000000000000000 0xffffffffffffffff

Linker script and memory map

START GROUP
LOAD /tmp/VirtioFsDxe.dll.wfBp8h.ltrans0.ltrans.o
LOAD /tmp/ccT6j6ei.debug.temp.o
LOAD /tmp/cc1IjFeh.debug.temp.o
LOAD /tmp/cchqlVUf.debug.temp.o
LOAD /tmp/ccu0nVsg.debug.temp.o
LOAD /tmp/ccpEkMQg.debug.temp.o
LOAD /tmp/cc104Nrg.debug.temp.o
LOAD /tmp/ccGBHhOi.debug.temp.o
LOAD /tmp/ccyrru9h.debug.temp.o
LOAD /tmp/cc2CnwZf.debug.temp.o
LOAD /tmp/ccjOmJZi.debug.temp.o
LOAD /tmp/cccnuuyi.debug.temp.o
LOAD /tmp/ccQdAD3e.debug.temp.o
LOAD /tmp/ccuqtH9f.debug.temp.o
LOAD /tmp/cc3XX94f.debug.temp.o
LOAD /tmp/ccF94UDf.debug.temp.o
LOAD /tmp/ccnqTR5e.debug.temp.o
LOAD /tmp/cculwDRf.debug.temp.o
LOAD /tmp/ccrI26di.debug.temp.o
LOAD /tmp/ccoiyzog.debug.temp.o
LOAD /tmp/ccMhGYwh.debug.temp.o
LOAD /tmp/cc6co29i.debug.temp.o
LOAD /tmp/ccaFIYDf.debug.temp.o
LOAD /tmp/cceFaHwj.debug.temp.o
LOAD /tmp/ccKQgOvh.debug.temp.o
LOAD /tmp/ccqjWy4g.debug.temp.o
LOAD /tmp/ccbjNSAi.debug.temp.o
LOAD /tmp/cc0yvLfj.debug.temp.o
LOAD /tmp/ccCMEw3g.debug.temp.o
LOAD /tmp/ccLh35Xe.debug.temp.o
LOAD /tmp/ccEw9HOg.debug.temp.o
LOAD /tmp/cc04pqbh.debug.temp.o
LOAD /tmp/cch4q44h.debug.temp.o
LOAD /tmp/ccXKgOhg.debug.temp.o
LOAD /tmp/ccqLzeyh.debug.temp.o
LOAD /tmp/ccnt0nfi.debug.temp.o
LOAD /tmp/ccf5poug.debug.temp.o
LOAD /tmp/ccdsik1g.debug.temp.o
LOAD /tmp/cc8eNY4e.debug.temp.o
LOAD /tmp/ccGUhzCj.debug.temp.o
LOAD /tmp/ccrdU2Vh.debug.temp.o
LOAD /tmp/ccGhDV4e.debug.temp.o
LOAD /tmp/ccJngjCg.debug.temp.o
LOAD /tmp/ccCNZiHh.debug.temp.o
LOAD /tmp/cc2w6h6h.debug.temp.o
LOAD /tmp/ccE6XEuj.debug.temp.o
LOAD /tmp/ccztgeaj.debug.temp.o
LOAD /tmp/ccMRsqxf.debug.temp.o
LOAD /tmp/ccswb6Hg.debug.temp.o
LOAD /tmp/ccFAl1ji.debug.temp.o
LOAD /tmp/cc1pKAdj.debug.temp.o
LOAD /tmp/ccwp8NWg.debug.temp.o
LOAD /tmp/ccXfyswi.debug.temp.o
LOAD /tmp/cczPlqzh.debug.temp.o
LOAD /tmp/ccZu0iei.debug.temp.o
LOAD /tmp/ccRDnlKg.debug.temp.o
LOAD /tmp/ccD6676g.debug.temp.o
LOAD /tmp/ccsAAMaf.debug.temp.o
LOAD /tmp/ccaGA7gj.debug.temp.o
LOAD /tmp/ccNh83Ii.debug.temp.o
LOAD /tmp/ccYt9slg.debug.temp.o
LOAD /tmp/ccNyCPKh.debug.temp.o
LOAD /tmp/cc8lBenf.debug.temp.o
LOAD /tmp/ccif31Dh.debug.temp.o
LOAD /tmp/ccVtjwpf.debug.temp.o
LOAD /tmp/ccLXIaKi.debug.temp.o
LOAD /tmp/ccDBufKi.debug.temp.o
LOAD /tmp/cc3keq2i.debug.temp.o
LOAD /tmp/ccVczZWg.debug.temp.o
LOAD /tmp/cc23Bjbg.debug.temp.o
LOAD /tmp/ccGnvdci.debug.temp.o
LOAD /tmp/ccEPAr4f.debug.temp.o
LOAD /tmp/ccY9KdKi.debug.temp.o
LOAD /tmp/ccquw2Qi.debug.temp.o
LOAD /tmp/cc77P6Sf.debug.temp.o
LOAD /tmp/ccnJnYWg.debug.temp.o
LOAD /tmp/ccojXQng.debug.temp.o
LOAD /tmp/ccariR8h.debug.temp.o
LOAD /tmp/ccYAHdzg.debug.temp.o
LOAD /tmp/ccr2dOlj.debug.temp.o
LOAD /tmp/ccAXbRxi.debug.temp.o
LOAD /tmp/ccdERKPf.debug.temp.o
LOAD /tmp/ccCMQzWf.debug.temp.o
LOAD /tmp/ccq4Cbki.debug.temp.o
LOAD /tmp/ccfBzr0g.debug.temp.o
LOAD /tmp/cccRYWSh.debug.temp.o
LOAD /tmp/cc0X5k7g.debug.temp.o
LOAD /tmp/ccuQ3SWi.debug.temp.o
LOAD /tmp/cciFiFlg.debug.temp.o
LOAD /tmp/cc55YGHh.debug.temp.o
LOAD /tmp/ccPp4Nrh.debug.temp.o
LOAD /tmp/ccTkfPAh.debug.temp.o
LOAD /tmp/ccHGdedf.debug.temp.o
LOAD /tmp/ccUR5bMh.debug.temp.o
LOAD /tmp/ccaZACKg.debug.temp.o
LOAD /tmp/cc5Lj5Fg.debug.temp.o
LOAD /tmp/ccp1Wzaj.debug.temp.o
LOAD /tmp/ccUjK1Jh.debug.temp.o
LOAD /tmp/ccfPsQ5f.debug.temp.o
LOAD /tmp/ccDicaQi.debug.temp.o
LOAD /tmp/ccnFdI9g.debug.temp.o
LOAD /tmp/ccWynJ3i.debug.temp.o
LOAD /tmp/ccSj2tbg.debug.temp.o
LOAD /tmp/ccG4Hvij.debug.temp.o
LOAD /tmp/cccyGHqh.debug.temp.o
LOAD /tmp/ccwYkGVf.debug.temp.o
LOAD /tmp/ccCnSOgf.debug.temp.o
LOAD /tmp/ccB1kQxf.debug.temp.o
LOAD /tmp/ccKH8cuh.debug.temp.o
LOAD /tmp/ccVnVEOh.debug.temp.o
LOAD /tmp/ccgKD87f.debug.temp.o
LOAD /tmp/ccWNXa5g.debug.temp.o
LOAD /tmp/cc9Ces7g.debug.temp.o
LOAD /tmp/ccMSbQEi.debug.temp.o
LOAD /tmp/ccvzEbuh.debug.temp.o
LOAD /tmp/cc7CXCui.debug.temp.o
LOAD /tmp/cc2PRYwi.debug.temp.o
LOAD /tmp/ccqv2n9f.debug.temp.o
LOAD /tmp/ccWONk7i.debug.temp.o
LOAD /tmp/cch589if.debug.temp.o
LOAD /tmp/ccgNEpPg.debug.temp.o
LOAD /tmp/cc8b03Wi.debug.temp.o
LOAD /tmp/ccNGnDCi.debug.temp.o
LOAD /tmp/ccS7qfJf.debug.temp.o
LOAD /tmp/ccHqoyIg.debug.temp.o
LOAD /tmp/ccRSgECi.debug.temp.o
LOAD /home/anna/AMDSEV/ovmf/Build/OvmfX64/DEBUG_GCC5/X64/OvmfPkg/VirtioFsDxe/VirtioFsDxe/OUTPUT/VirtioFsDxe.lib
LOAD /home/anna/AMDSEV/ovmf/Build/OvmfX64/DEBUG_GCC5/X64/MdePkg/Library/RegisterFilterLibNull/RegisterFilterLibNull/OUTPUT/FilterLibNull.lib
LOAD /home/anna/AMDSEV/ovmf/Build/OvmfX64/DEBUG_GCC5/X64/MdePkg/Library/DxePcdLib/DxePcdLib/OUTPUT/DxePcdLib.lib
LOAD /home/anna/AMDSEV/ovmf/Build/OvmfX64/DEBUG_GCC5/X64/MdePkg/Library/BaseMemoryLibRepStr/BaseMemoryLibRepStr/OUTPUT/BaseMemoryLibRepStr.lib
LOAD /home/anna/AMDSEV/ovmf/Build/OvmfX64/DEBUG_GCC5/X64/MdePkg/Library/BaseLib/BaseLib/OUTPUT/BaseLib.lib
LOAD /home/anna/AMDSEV/ovmf/Build/OvmfX64/DEBUG_GCC5/X64/MdePkg/Library/TdxLib/TdxLib/OUTPUT/TdxLib.lib
LOAD /home/anna/AMDSEV/ovmf/Build/OvmfX64/DEBUG_GCC5/X64/OvmfPkg/Library/CcProbeLib/CcProbeLib/OUTPUT/CcProbeLib.lib
LOAD /home/anna/AMDSEV/ovmf/Build/OvmfX64/DEBUG_GCC5/X64/MdePkg/Library/BaseIoLibIntrinsic/BaseIoLibIntrinsicSev/OUTPUT/BaseIoLibIntrinsicSev.lib
LOAD /home/anna/AMDSEV/ovmf/Build/OvmfX64/DEBUG_GCC5/X64/MdePkg/Library/BaseDebugPrintErrorLevelLib/BaseDebugPrintErrorLevelLib/OUTPUT/BaseDebugPrintErrorLevelLib.lib
LOAD /home/anna/AMDSEV/ovmf/Build/OvmfX64/DEBUG_GCC5/X64/MdePkg/Library/BasePrintLib/BasePrintLib/OUTPUT/BasePrintLib.lib
LOAD /home/anna/AMDSEV/ovmf/Build/OvmfX64/DEBUG_GCC5/X64/PcAtChipsetPkg/Library/SerialIoLib/SerialIoLib/OUTPUT/PcAtSerialPortLib.lib
LOAD /home/anna/AMDSEV/ovmf/Build/OvmfX64/DEBUG_GCC5/X64/MdePkg/Library/BaseDebugLibSerialPort/BaseDebugLibSerialPort/OUTPUT/BaseDebugLibSerialPort.lib
LOAD /home/anna/AMDSEV/ovmf/Build/OvmfX64/DEBUG_GCC5/X64/MdePkg/Library/UefiBootServicesTableLib/UefiBootServicesTableLib/OUTPUT/UefiBootServicesTableLib.lib
LOAD /home/anna/AMDSEV/ovmf/Build/OvmfX64/DEBUG_GCC5/X64/MdePkg/Library/UefiMemoryAllocationLib/UefiMemoryAllocationLib/OUTPUT/UefiMemoryAllocationLib.lib
LOAD /home/anna/AMDSEV/ovmf/Build/OvmfX64/DEBUG_GCC5/X64/EmbeddedPkg/Library/TimeBaseLib/TimeBaseLib/OUTPUT/TimeBaseLib.lib
LOAD /home/anna/AMDSEV/ovmf/Build/OvmfX64/DEBUG_GCC5/X64/MdePkg/Library/UefiDriverEntryPoint/UefiDriverEntryPoint/OUTPUT/UefiDriverEntryPoint.lib
LOAD /home/anna/AMDSEV/ovmf/Build/OvmfX64/DEBUG_GCC5/X64/OvmfPkg/Library/VirtioLib/VirtioLib/OUTPUT/VirtioLib.lib
END GROUP
                0x0000000000000228                PECOFF_HEADER_SIZE = 0x228
                0x0000000000000228                . = PECOFF_HEADER_SIZE

.text           0x0000000000000240     0x8e15
 *(.text .text.* .stub .gnu.linkonce.t.*)
 .text.InternalAllocatePool.constprop.0
                0x0000000000000240       0x37 /tmp/VirtioFsDxe.dll.wfBp8h.ltrans0.ltrans.o
 .text.VirtioMapAllBytesInSharedBuffer
                0x0000000000000277       0x7a /tmp/VirtioFsDxe.dll.wfBp8h.ltrans0.ltrans.o
 .text.VirtioFsGetControllerName
                0x00000000000002f1        0xf /tmp/VirtioFsDxe.dll.wfBp8h.ltrans0.ltrans.o
 .text.AllocatePool
                0x0000000000000300        0xf /tmp/VirtioFsDxe.dll.wfBp8h.ltrans0.ltrans.o
 .text.DebugPrintEnabled
                0x000000000000030f        0x3 /tmp/VirtioFsDxe.dll.wfBp8h.ltrans0.ltrans.o
 .text.BasePrintLibFillBuffer
                0x0000000000000312       0x2a /tmp/VirtioFsDxe.dll.wfBp8h.ltrans0.ltrans.o
 .text.AsciiStrnLenS
                0x000000000000033c       0x26 /tmp/VirtioFsDxe.dll.wfBp8h.ltrans0.ltrans.o
 .text.VirtioFsErrnoToEfiStatus
                0x0000000000000362       0x27 /tmp/VirtioFsDxe.dll.wfBp8h.ltrans0.ltrans.o
 .text.VirtioFsFuseNewRequest
                0x0000000000000389       0x4f /tmp/VirtioFsDxe.dll.wfBp8h.ltrans0.ltrans.o
 .text.VirtioFsSgListsValidate
                0x00000000000003d8       0xde /tmp/VirtioFsDxe.dll.wfBp8h.ltrans0.ltrans.o
 .text.VirtioFsFuseAttrToEfiFileInfo
                0x00000000000004b6      0x230 /tmp/VirtioFsDxe.dll.wfBp8h.ltrans0.ltrans.o
 .text.IoWrite8
                0x00000000000006e6       0x72 /tmp/VirtioFsDxe.dll.wfBp8h.ltrans0.ltrans.o
 .text.SerialPortWrite.part.0
                0x0000000000000758       0xae /tmp/VirtioFsDxe.dll.wfBp8h.ltrans0.ltrans.o
 .text.DebugAssert
                0x0000000000000806       0x6c /tmp/VirtioFsDxe.dll.wfBp8h.ltrans0.ltrans.o
 .text.CompareMem.part.0.constprop.0
                0x0000000000000872       0xa4 /tmp/VirtioFsDxe.dll.wfBp8h.ltrans0.ltrans.o
 .text.ReadUnaligned64
                0x0000000000000916       0x2e /tmp/VirtioFsDxe.dll.wfBp8h.ltrans0.ltrans.o
 .text.CompareGuid
                0x0000000000000944       0x50 /tmp/VirtioFsDxe.dll.wfBp8h.ltrans0.ltrans.o
 .text.ReadUnaligned16
                0x0000000000000994        0x4 /tmp/VirtioFsDxe.dll.wfBp8h.ltrans0.ltrans.o
 .text.AsciiStrLen
                0x0000000000000998       0x67 /tmp/VirtioFsDxe.dll.wfBp8h.ltrans0.ltrans.o
 .text.AsciiStrSize
                0x00000000000009ff       0x11 /tmp/VirtioFsDxe.dll.wfBp8h.ltrans0.ltrans.o
 .text.AsciiStrCmp
                0x0000000000000a10       0x73 /tmp/VirtioFsDxe.dll.wfBp8h.ltrans0.ltrans.o
 .text.VirtioFsGetDriverName
                0x0000000000000a83       0x3f /tmp/VirtioFsDxe.dll.wfBp8h.ltrans0.ltrans.o
 .text.StrLen   0x0000000000000ac2       0x79 /tmp/VirtioFsDxe.dll.wfBp8h.ltrans0.ltrans.o
 .text.StrCmp   0x0000000000000b3b       0x7c /tmp/VirtioFsDxe.dll.wfBp8h.ltrans0.ltrans.o
 .text.BasePrintLibSPrintMarker.constprop.0
                0x0000000000000bb7      0xa7d /tmp/VirtioFsDxe.dll.wfBp8h.ltrans0.ltrans.o
 .text.BasePrintLibSPrint.constprop.0
                0x0000000000001634       0x27 /tmp/VirtioFsDxe.dll.wfBp8h.ltrans0.ltrans.o
 .text.AsciiSPrint.constprop.0
                0x000000000000165b       0x30 /tmp/VirtioFsDxe.dll.wfBp8h.ltrans0.ltrans.o
 .text.InternalBaseLibIsListValid
                0x000000000000168b       0x4d /tmp/VirtioFsDxe.dll.wfBp8h.ltrans0.ltrans.o
 .text.IsListEmpty
                0x00000000000016d8       0x35 /tmp/VirtioFsDxe.dll.wfBp8h.ltrans0.ltrans.o
 .text.RemoveEntryList
                0x000000000000170d       0x40 /tmp/VirtioFsDxe.dll.wfBp8h.ltrans0.ltrans.o
 .text.InsertTailList
                0x000000000000174d       0x4d /tmp/VirtioFsDxe.dll.wfBp8h.ltrans0.ltrans.o
 .text.ValidateInfoStructure
                0x000000000000179a      0x132 /tmp/VirtioFsDxe.dll.wfBp8h.ltrans0.ltrans.o
 .text.VirtioFsSimpleFileGetPosition
                0x00000000000018cc       0x64 /tmp/VirtioFsDxe.dll.wfBp8h.ltrans0.ltrans.o
 .text.VirtioFsGetBasename
                0x0000000000001930       0xae /tmp/VirtioFsDxe.dll.wfBp8h.ltrans0.ltrans.o
 .text.ParserRewindDotDot
                0x00000000000019de      0x111 /tmp/VirtioFsDxe.dll.wfBp8h.ltrans0.ltrans.o
 .text.ParserRewindDot
                0x0000000000001aef       0x8a /tmp/VirtioFsDxe.dll.wfBp8h.ltrans0.ltrans.o
 .text.ParserCopy
                0x0000000000001b79       0x46 /tmp/VirtioFsDxe.dll.wfBp8h.ltrans0.ltrans.o
 .text.ParserStripSlash
                0x0000000000001bbf       0x6c /tmp/VirtioFsDxe.dll.wfBp8h.ltrans0.ltrans.o
 .text.VirtioFsFuseCheckResponse
                0x0000000000001c2b      0x133 /tmp/VirtioFsDxe.dll.wfBp8h.ltrans0.ltrans.o
 .text.VirtioFsSgListsSubmit
                0x0000000000001d5e      0x342 /tmp/VirtioFsDxe.dll.wfBp8h.ltrans0.ltrans.o
 .text.VirtioFsFuseForget
                0x00000000000020a0       0x9b /tmp/VirtioFsDxe.dll.wfBp8h.ltrans0.ltrans.o
 .text.DebugPrintMarker.part.0.constprop.0
                0x000000000000213b       0x40 /tmp/VirtioFsDxe.dll.wfBp8h.ltrans0.ltrans.o
 .text.DebugPrint
                0x000000000000217b       0x31 /tmp/VirtioFsDxe.dll.wfBp8h.ltrans0.ltrans.o
 .text.VirtioFsBindingSupported
                0x00000000000021ac       0xc4 /tmp/VirtioFsDxe.dll.wfBp8h.ltrans0.ltrans.o
 .text.FreePool
                0x0000000000002270       0x51 /tmp/VirtioFsDxe.dll.wfBp8h.ltrans0.ltrans.o
 .text.VirtioFsExitBoot
                0x00000000000022c1       0x4a /tmp/VirtioFsDxe.dll.wfBp8h.ltrans0.ltrans.o
 .text.VirtioFsFuseWrite
                0x000000000000230b      0x221 /tmp/VirtioFsDxe.dll.wfBp8h.ltrans0.ltrans.o
 .text.VirtioFsSimpleFileWrite
                0x000000000000252c      0x10f /tmp/VirtioFsDxe.dll.wfBp8h.ltrans0.ltrans.o
 .text.VirtioFsFuseRemoveFileOrDir
                0x000000000000263b      0x183 /tmp/VirtioFsDxe.dll.wfBp8h.ltrans0.ltrans.o
 .text.VirtioFsFuseStatFs
                0x00000000000027be      0x14a /tmp/VirtioFsDxe.dll.wfBp8h.ltrans0.ltrans.o
 .text.VirtioFsFuseReleaseFileOrDir
                0x0000000000002908      0x193 /tmp/VirtioFsDxe.dll.wfBp8h.ltrans0.ltrans.o
 .text.VirtioFsFuseReadFileOrDir
                0x0000000000002a9b      0x206 /tmp/VirtioFsDxe.dll.wfBp8h.ltrans0.ltrans.o
 .text.VirtioFsFuseOpenOrCreate
                0x0000000000002ca1      0x22d /tmp/VirtioFsDxe.dll.wfBp8h.ltrans0.ltrans.o
 .text.VirtioFsFuseOpenDir
                0x0000000000002ece      0x194 /tmp/VirtioFsDxe.dll.wfBp8h.ltrans0.ltrans.o
 .text.VirtioFsFuseMkDir
                0x0000000000003062      0x1ec /tmp/VirtioFsDxe.dll.wfBp8h.ltrans0.ltrans.o
 .text.VirtioFsFuseLookup
                0x000000000000324e      0x1e9 /tmp/VirtioFsDxe.dll.wfBp8h.ltrans0.ltrans.o
 .text.OpenExistentFileOrDirectory.constprop.0
                0x0000000000003437      0x2a5 /tmp/VirtioFsDxe.dll.wfBp8h.ltrans0.ltrans.o
 .text.VirtioFsLookupMostSpecificParentDir
                0x00000000000036dc      0x18a /tmp/VirtioFsDxe.dll.wfBp8h.ltrans0.ltrans.o
 .text.VirtioFsSimpleFileDelete
                0x0000000000003866      0x12e /tmp/VirtioFsDxe.dll.wfBp8h.ltrans0.ltrans.o
 .text.VirtioFsFuseInitSession
                0x0000000000003994      0x1f1 /tmp/VirtioFsDxe.dll.wfBp8h.ltrans0.ltrans.o
 .text.VirtioFsFuseGetAttr
                0x0000000000003b85      0x197 /tmp/VirtioFsDxe.dll.wfBp8h.ltrans0.ltrans.o
 .text.VirtioFsSimpleFileSetPosition
                0x0000000000003d1c       0xfa /tmp/VirtioFsDxe.dll.wfBp8h.ltrans0.ltrans.o
 .text.VirtioFsFuseFsyncFileOrDir
                0x0000000000003e16      0x18a /tmp/VirtioFsDxe.dll.wfBp8h.ltrans0.ltrans.o
 .text.VirtioFsFuseFlush
                0x0000000000003fa0      0x179 /tmp/VirtioFsDxe.dll.wfBp8h.ltrans0.ltrans.o
 .text.VirtioFsSimpleFileClose
                0x0000000000004119      0x10c /tmp/VirtioFsDxe.dll.wfBp8h.ltrans0.ltrans.o
 .text.VirtioFsSimpleFileFlush
                0x0000000000004225       0xa3 /tmp/VirtioFsDxe.dll.wfBp8h.ltrans0.ltrans.o
 .text.CopyMem  0x00000000000042c8       0x8d /tmp/VirtioFsDxe.dll.wfBp8h.ltrans0.ltrans.o
 .text.InternalAllocateCopyPool.constprop.0
                0x0000000000004355       0x5d /tmp/VirtioFsDxe.dll.wfBp8h.ltrans0.ltrans.o
 .text.VirtioFsOpenVolume
                0x00000000000043b2      0x1e6 /tmp/VirtioFsDxe.dll.wfBp8h.ltrans0.ltrans.o
 .text.VirtioFsSimpleFileRead
                0x0000000000004598      0x497 /tmp/VirtioFsDxe.dll.wfBp8h.ltrans0.ltrans.o
 .text.VirtioFsSimpleFileGetInfo
                0x0000000000004a2f      0x34f /tmp/VirtioFsDxe.dll.wfBp8h.ltrans0.ltrans.o
 .text.VirtioFsAppendPath
                0x0000000000004d7e      0x3f0 /tmp/VirtioFsDxe.dll.wfBp8h.ltrans0.ltrans.o
 .text.VirtioFsSimpleFileSetInfo
                0x000000000000516e     0x10ce /tmp/VirtioFsDxe.dll.wfBp8h.ltrans0.ltrans.o
 .text.VirtioFsSimpleFileOpen
                0x000000000000623c      0x57e /tmp/VirtioFsDxe.dll.wfBp8h.ltrans0.ltrans.o
 .text.SetMem.part.0
                0x00000000000067ba       0x50 /tmp/VirtioFsDxe.dll.wfBp8h.ltrans0.ltrans.o
 .text.VirtioRingUninit
                0x000000000000680a       0x29 /tmp/VirtioFsDxe.dll.wfBp8h.ltrans0.ltrans.o
 .text.VirtioFsUninit
                0x0000000000006833       0x3b /tmp/VirtioFsDxe.dll.wfBp8h.ltrans0.ltrans.o
 .text.VirtioFsBindingStop
                0x000000000000686e      0x18f /tmp/VirtioFsDxe.dll.wfBp8h.ltrans0.ltrans.o
 .text.VirtioFsBindingStart
                0x00000000000069fd      0x596 /tmp/VirtioFsDxe.dll.wfBp8h.ltrans0.ltrans.o
 .text._ModuleEntryPoint
                0x0000000000006f93      0x16d /tmp/VirtioFsDxe.dll.wfBp8h.ltrans0.ltrans.o
                0x0000000000006f93                _ModuleEntryPoint
 .text          0x0000000000007100       0x1d /home/anna/AMDSEV/ovmf/Build/OvmfX64/DEBUG_GCC5/X64/MdePkg/Library/BaseMemoryLibRepStr/BaseMemoryLibRepStr/OUTPUT/BaseMemoryLibRepStr.lib(CompareMem.obj)
                0x0000000000007100                InternalMemCompareMem
 *fill*         0x000000000000711d        0x3 
 .text          0x0000000000007120       0x11 /home/anna/AMDSEV/ovmf/Build/OvmfX64/DEBUG_GCC5/X64/MdePkg/Library/BaseMemoryLibRepStr/BaseMemoryLibRepStr/OUTPUT/BaseMemoryLibRepStr.lib(SetMem.obj)
                0x0000000000007120                InternalMemSetMem
 *fill*         0x0000000000007131        0xf 
 .text          0x0000000000007140       0x3c /home/anna/AMDSEV/ovmf/Build/OvmfX64/DEBUG_GCC5/X64/MdePkg/Library/BaseMemoryLibRepStr/BaseMemoryLibRepStr/OUTPUT/BaseMemoryLibRepStr.lib(CopyMem.obj)
                0x0000000000007140                InternalMemCopyMem
 *fill*         0x000000000000717c        0x4 
 .text          0x0000000000007180       0x81 /home/anna/AMDSEV/ovmf/Build/OvmfX64/DEBUG_GCC5/X64/MdePkg/Library/BaseLib/BaseLib/OUTPUT/BaseLib.lib(TdVmcall.obj)
                0x0000000000007180                TdVmCall
 *(.rodata .rodata.* .gnu.linkonce.r.*)
 .rodata.DebugAssert.str1.1
                0x0000000000007201       0x24 /tmp/VirtioFsDxe.dll.wfBp8h.ltrans0.ltrans.o
 .rodata.CompareMem.part.0.constprop.0.str1.1
                0x0000000000007225      0x10e /tmp/VirtioFsDxe.dll.wfBp8h.ltrans0.ltrans.o
 .rodata.ReadUnaligned64.str1.1
                0x0000000000007333       0x3a /tmp/VirtioFsDxe.dll.wfBp8h.ltrans0.ltrans.o
                                         0x51 (size before relaxing)
 .rodata.AsciiStrLen.str1.1
                0x000000000000736d       0x86 /tmp/VirtioFsDxe.dll.wfBp8h.ltrans0.ltrans.o
 .rodata.AsciiStrCmp.str1.1
                0x00000000000073f3       0x37 /tmp/VirtioFsDxe.dll.wfBp8h.ltrans0.ltrans.o
 .rodata.VirtioFsGetDriverName.str1.1
                0x000000000000742a       0x37 /tmp/VirtioFsDxe.dll.wfBp8h.ltrans0.ltrans.o
                                          0x3 (size before relaxing)
 .rodata.VirtioFsGetDriverName.str2.2
                0x000000000000742a       0x32 /tmp/VirtioFsDxe.dll.wfBp8h.ltrans0.ltrans.o
 .rodata.StrLen.str1.1
                0x000000000000745c       0x5c /tmp/VirtioFsDxe.dll.wfBp8h.ltrans0.ltrans.o
 .rodata.StrCmp.str1.1
                0x00000000000074b8       0x37 /tmp/VirtioFsDxe.dll.wfBp8h.ltrans0.ltrans.o
 .rodata.BasePrintLibSPrintMarker.constprop.0.str1.1
                0x00000000000074ef      0x176 /tmp/VirtioFsDxe.dll.wfBp8h.ltrans0.ltrans.o
 *fill*         0x0000000000007665        0x3 
 .rodata.BasePrintLibSPrintMarker.constprop.0
                0x0000000000007668       0xec /tmp/VirtioFsDxe.dll.wfBp8h.ltrans0.ltrans.o
 .rodata.InternalBaseLibIsListValid.str1.1
                0x0000000000007754       0x7c /tmp/VirtioFsDxe.dll.wfBp8h.ltrans0.ltrans.o
 .rodata.IsListEmpty.str1.1
                0x00000000000077d0       0x26 /tmp/VirtioFsDxe.dll.wfBp8h.ltrans0.ltrans.o
 .rodata.RemoveEntryList.str1.1
                0x00000000000077f6       0x15 /tmp/VirtioFsDxe.dll.wfBp8h.ltrans0.ltrans.o
 .rodata.ValidateInfoStructure.str1.1
                0x000000000000780b       0xff /tmp/VirtioFsDxe.dll.wfBp8h.ltrans0.ltrans.o
 .rodata.VirtioFsSimpleFileGetPosition.str1.1
                0x000000000000790a       0x56 /tmp/VirtioFsDxe.dll.wfBp8h.ltrans0.ltrans.o
 .rodata.VirtioFsGetBasename.str1.1
                0x0000000000007960       0x64 /tmp/VirtioFsDxe.dll.wfBp8h.ltrans0.ltrans.o
 .rodata.ParserRewindDotDot.str1.1
                0x00000000000079c4       0x74 /tmp/VirtioFsDxe.dll.wfBp8h.ltrans0.ltrans.o
 .rodata.ParserRewindDot.str1.1
                0x0000000000007a38       0x2c /tmp/VirtioFsDxe.dll.wfBp8h.ltrans0.ltrans.o
 .rodata.ParserCopy.str1.1
                0x0000000000007a64       0x11 /tmp/VirtioFsDxe.dll.wfBp8h.ltrans0.ltrans.o
 .rodata.ParserStripSlash.str1.1
                0x0000000000007a75       0x2c /tmp/VirtioFsDxe.dll.wfBp8h.ltrans0.ltrans.o
 .rodata.VirtioFsFuseCheckResponse.str1.1
                0x0000000000007aa1       0x30 /tmp/VirtioFsDxe.dll.wfBp8h.ltrans0.ltrans.o
 .rodata.VirtioFsSgListsSubmit.str1.1
                0x0000000000007ad1       0x81 /tmp/VirtioFsDxe.dll.wfBp8h.ltrans0.ltrans.o
 .rodata.VirtioFsBindingSupported.str1.1
                0x0000000000007b52       0x88 /tmp/VirtioFsDxe.dll.wfBp8h.ltrans0.ltrans.o
 .rodata.FreePool.str1.1
                0x0000000000007bda       0x7b /tmp/VirtioFsDxe.dll.wfBp8h.ltrans0.ltrans.o
 .rodata.VirtioFsExitBoot.str1.1
                0x0000000000007c55       0x1e /tmp/VirtioFsDxe.dll.wfBp8h.ltrans0.ltrans.o
 .rodata.VirtioFsFuseWrite.str1.1
                0x0000000000007c73       0x52 /tmp/VirtioFsDxe.dll.wfBp8h.ltrans0.ltrans.o
 .rodata.VirtioFsSimpleFileWrite.str1.1
                0x0000000000007cc5       0x3b /tmp/VirtioFsDxe.dll.wfBp8h.ltrans0.ltrans.o
 .rodata.VirtioFsFuseRemoveFileOrDir.str1.1
                0x0000000000007d00       0x3d /tmp/VirtioFsDxe.dll.wfBp8h.ltrans0.ltrans.o
 .rodata.VirtioFsFuseStatFs.str1.1
                0x0000000000007d3d       0x24 /tmp/VirtioFsDxe.dll.wfBp8h.ltrans0.ltrans.o
 .rodata.VirtioFsFuseReleaseFileOrDir.str1.1
                0x0000000000007d61       0x3c /tmp/VirtioFsDxe.dll.wfBp8h.ltrans0.ltrans.o
 .rodata.VirtioFsFuseReadFileOrDir.str1.1
                0x0000000000007d9d       0x5b /tmp/VirtioFsDxe.dll.wfBp8h.ltrans0.ltrans.o
 .rodata.VirtioFsFuseOpenOrCreate.str1.1
                0x0000000000007df8       0x34 /tmp/VirtioFsDxe.dll.wfBp8h.ltrans0.ltrans.o
 .rodata.VirtioFsFuseLookup.str1.1
                0x0000000000007e2c       0x31 /tmp/VirtioFsDxe.dll.wfBp8h.ltrans0.ltrans.o
 .rodata.OpenExistentFileOrDirectory.constprop.0.str1.1
                0x0000000000007e5d       0x31 /tmp/VirtioFsDxe.dll.wfBp8h.ltrans0.ltrans.o
 .rodata.VirtioFsLookupMostSpecificParentDir.str1.1
                0x0000000000007e8e       0x3e /tmp/VirtioFsDxe.dll.wfBp8h.ltrans0.ltrans.o
 .rodata.VirtioFsSimpleFileDelete.str1.1
                0x0000000000007ecc       0x3c /tmp/VirtioFsDxe.dll.wfBp8h.ltrans0.ltrans.o
 .rodata.VirtioFsFuseInitSession.str1.1
                0x0000000000007f08       0x19 /tmp/VirtioFsDxe.dll.wfBp8h.ltrans0.ltrans.o
 .rodata.VirtioFsSimpleFileSetPosition.str1.1
                0x0000000000007f21       0x41 /tmp/VirtioFsDxe.dll.wfBp8h.ltrans0.ltrans.o
 .rodata.VirtioFsFuseFlush.str1.1
                0x0000000000007f62       0x33 /tmp/VirtioFsDxe.dll.wfBp8h.ltrans0.ltrans.o
 .rodata.VirtioFsSimpleFileClose.str1.1
                0x0000000000007f95       0x3b /tmp/VirtioFsDxe.dll.wfBp8h.ltrans0.ltrans.o
 .rodata.VirtioFsSimpleFileFlush.str1.1
                0x0000000000007fd0       0x3b /tmp/VirtioFsDxe.dll.wfBp8h.ltrans0.ltrans.o
 .rodata.CopyMem.str1.1
                0x000000000000800b       0x4b /tmp/VirtioFsDxe.dll.wfBp8h.ltrans0.ltrans.o
 .rodata.InternalAllocateCopyPool.constprop.0.str1.1
                0x0000000000008056       0x3e /tmp/VirtioFsDxe.dll.wfBp8h.ltrans0.ltrans.o
 .rodata.VirtioFsOpenVolume.str1.1
                0x0000000000008094       0x40 /tmp/VirtioFsDxe.dll.wfBp8h.ltrans0.ltrans.o
 .rodata.VirtioFsSimpleFileRead.str1.1
                0x00000000000080d4       0x3a /tmp/VirtioFsDxe.dll.wfBp8h.ltrans0.ltrans.o
 .rodata.VirtioFsSimpleFileGetInfo.str1.1
                0x000000000000810e       0x76 /tmp/VirtioFsDxe.dll.wfBp8h.ltrans0.ltrans.o
 .rodata.VirtioFsAppendPath.str1.1
                0x0000000000008184       0x4a /tmp/VirtioFsDxe.dll.wfBp8h.ltrans0.ltrans.o
 *fill*         0x00000000000081ce        0x2 
 .rodata.VirtioFsAppendPath
                0x00000000000081d0       0x18 /tmp/VirtioFsDxe.dll.wfBp8h.ltrans0.ltrans.o
 .rodata.VirtioFsSimpleFileSetInfo.str2.2
                0x00000000000081e8       0x32 /tmp/VirtioFsDxe.dll.wfBp8h.ltrans0.ltrans.o
                                          0x2 (size before relaxing)
 .rodata.VirtioFsSimpleFileSetInfo.str1.1
                0x00000000000081e8      0x164 /tmp/VirtioFsDxe.dll.wfBp8h.ltrans0.ltrans.o
                                        0x16f (size before relaxing)
 .rodata.VirtioFsSimpleFileOpen.str1.1
                0x000000000000834c      0x176 /tmp/VirtioFsDxe.dll.wfBp8h.ltrans0.ltrans.o
 .rodata.SetMem.part.0.str1.1
                0x00000000000084c2       0x82 /tmp/VirtioFsDxe.dll.wfBp8h.ltrans0.ltrans.o
 .rodata._ModuleEntryPoint.str1.1
                0x0000000000008544       0x9f /tmp/VirtioFsDxe.dll.wfBp8h.ltrans0.ltrans.o
 *fill*         0x00000000000085e3        0xd 
 .rodata.__FUNCTION__.8044
                0x00000000000085f0       0x12 /tmp/VirtioFsDxe.dll.wfBp8h.ltrans0.ltrans.o
 *fill*         0x0000000000008602        0xe 
 .rodata.__FUNCTION__.8045.lto_priv.0
                0x0000000000008610       0x1b /tmp/VirtioFsDxe.dll.wfBp8h.ltrans0.ltrans.o
 *fill*         0x000000000000862b        0x5 
 .rodata.__FUNCTION__.8045.lto_priv.1
                0x0000000000008630       0x14 /tmp/VirtioFsDxe.dll.wfBp8h.ltrans0.ltrans.o
 *fill*         0x0000000000008644        0xc 
 .rodata.__FUNCTION__.8043.lto_priv.0
                0x0000000000008650       0x18 /tmp/VirtioFsDxe.dll.wfBp8h.ltrans0.ltrans.o
 *fill*         0x0000000000008668        0x8 
 .rodata.__FUNCTION__.9111.lto_priv.0
                0x0000000000008670       0x13 /tmp/VirtioFsDxe.dll.wfBp8h.ltrans0.ltrans.o
 *fill*         0x0000000000008683        0xd 
 .rodata.__FUNCTION__.9111.lto_priv.1
                0x0000000000008690       0x12 /tmp/VirtioFsDxe.dll.wfBp8h.ltrans0.ltrans.o
 *fill*         0x00000000000086a2        0xe 
 .rodata.__FUNCTION__.8045.lto_priv.2
                0x00000000000086b0       0x14 /tmp/VirtioFsDxe.dll.wfBp8h.ltrans0.ltrans.o
 *fill*         0x00000000000086c4        0xc 
 .rodata.__FUNCTION__.9113
                0x00000000000086d0       0x19 /tmp/VirtioFsDxe.dll.wfBp8h.ltrans0.ltrans.o
 *fill*         0x00000000000086e9        0x7 
 .rodata.__FUNCTION__.8049.lto_priv.0
                0x00000000000086f0       0x1a /tmp/VirtioFsDxe.dll.wfBp8h.ltrans0.ltrans.o
 *fill*         0x000000000000870a        0x6 
 .rodata.__FUNCTION__.8045.lto_priv.3
                0x0000000000008710       0x1d /tmp/VirtioFsDxe.dll.wfBp8h.ltrans0.ltrans.o
 *fill*         0x000000000000872d        0x3 
 .rodata.__FUNCTION__.8043.lto_priv.1
                0x0000000000008730       0x13 /tmp/VirtioFsDxe.dll.wfBp8h.ltrans0.ltrans.o
 *fill*         0x0000000000008743        0xd 
 .rodata.__FUNCTION__.9108
                0x0000000000008750       0x1c /tmp/VirtioFsDxe.dll.wfBp8h.ltrans0.ltrans.o
 *fill*         0x000000000000876c        0x4 
 .rodata.__FUNCTION__.8048
                0x0000000000008770       0x12 /tmp/VirtioFsDxe.dll.wfBp8h.ltrans0.ltrans.o
 *fill*         0x0000000000008782        0xe 
 .rodata.__FUNCTION__.9308
                0x0000000000008790       0x11 /tmp/VirtioFsDxe.dll.wfBp8h.ltrans0.ltrans.o
 *fill*         0x00000000000087a1       0x1f 
 .rodata.CSWTCH.62
                0x00000000000087c0      0x428 /tmp/VirtioFsDxe.dll.wfBp8h.ltrans0.ltrans.o
 *fill*         0x0000000000008be8        0x8 
 .rodata.__FUNCTION__.9220
                0x0000000000008bf0       0x17 /tmp/VirtioFsDxe.dll.wfBp8h.ltrans0.ltrans.o
 *fill*         0x0000000000008c07        0x9 
 .rodata.__FUNCTION__.9110
                0x0000000000008c10       0x13 /tmp/VirtioFsDxe.dll.wfBp8h.ltrans0.ltrans.o
 *fill*         0x0000000000008c23       0x1d 
 .rodata.DayOfMonth.7158
                0x0000000000008c40       0x60 /tmp/VirtioFsDxe.dll.wfBp8h.ltrans0.ltrans.o
 .rodata.ZeroTime.9704
                0x0000000000008ca0       0x10 /tmp/VirtioFsDxe.dll.wfBp8h.ltrans0.ltrans.o
 .rodata.__FUNCTION__.8049.lto_priv.1
                0x0000000000008cb0       0x14 /tmp/VirtioFsDxe.dll.wfBp8h.ltrans0.ltrans.o
 *fill*         0x0000000000008cc4        0xc 
 .rodata.__FUNCTION__.8046
                0x0000000000008cd0       0x11 /tmp/VirtioFsDxe.dll.wfBp8h.ltrans0.ltrans.o
 *fill*         0x0000000000008ce1        0xf 
 .rodata.mHexStr
                0x0000000000008cf0       0x10 /tmp/VirtioFsDxe.dll.wfBp8h.ltrans0.ltrans.o
 .rodata.mWarningString
                0x0000000000008d00       0x96 /tmp/VirtioFsDxe.dll.wfBp8h.ltrans0.ltrans.o
 *fill*         0x0000000000008d96        0xa 
 .rodata.mErrorString
                0x0000000000008da0      0x2b5 /tmp/VirtioFsDxe.dll.wfBp8h.ltrans0.ltrans.o
 *(.got .got.*)
 .got           0x0000000000009055        0x0 DriverBinding.obj (symbol from plugin)
 .got.plt       0x0000000000009055        0x0 DriverBinding.obj (symbol from plugin)
 *:AutoGen.obj(.data.g*Guid)

.plt            0x0000000000009060        0x0
 .plt           0x0000000000009060        0x0 DriverBinding.obj (symbol from plugin)

.plt.got        0x0000000000009058        0x0
 .plt.got       0x0000000000009058        0x0 DriverBinding.obj (symbol from plugin)

.data           0x0000000000009080       0xd8
 *(.data .data.* .gnu.linkonce.d.*)
 .data.gVirtioDeviceProtocolGuid
                0x0000000000009080       0x10 /tmp/VirtioFsDxe.dll.wfBp8h.ltrans0.ltrans.o
 .data.gEfiSimpleFileSystemProtocolGuid
                0x0000000000009090       0x10 /tmp/VirtioFsDxe.dll.wfBp8h.ltrans0.ltrans.o
 .data.gEfiFileSystemVolumeLabelInfoIdGuid
                0x00000000000090a0       0x10 /tmp/VirtioFsDxe.dll.wfBp8h.ltrans0.ltrans.o
 .data.gEfiFileSystemInfoGuid
                0x00000000000090b0       0x10 /tmp/VirtioFsDxe.dll.wfBp8h.ltrans0.ltrans.o
 .data.gEfiFileInfoGuid
                0x00000000000090c0       0x10 /tmp/VirtioFsDxe.dll.wfBp8h.ltrans0.ltrans.o
 .data.gEfiComponentName2ProtocolGuid
                0x00000000000090d0       0x10 /tmp/VirtioFsDxe.dll.wfBp8h.ltrans0.ltrans.o
 .data.gEfiDriverBindingProtocolGuid
                0x00000000000090e0       0x10 /tmp/VirtioFsDxe.dll.wfBp8h.ltrans0.ltrans.o
 .data.rel.ro   0x00000000000090f0        0x0 DriverBinding.obj (symbol from plugin)
 *(.bss .bss.*)
 .bss.gST       0x00000000000090f0        0x8 /tmp/VirtioFsDxe.dll.wfBp8h.ltrans0.ltrans.o
 .bss.gImageHandle
                0x00000000000090f8        0x8 /tmp/VirtioFsDxe.dll.wfBp8h.ltrans0.ltrans.o
 .bss.mComponentName2
                0x0000000000009100       0x18 /tmp/VirtioFsDxe.dll.wfBp8h.ltrans0.ltrans.o
 *fill*         0x0000000000009118        0x8 
 .bss.mDriverBinding
                0x0000000000009120       0x30 /tmp/VirtioFsDxe.dll.wfBp8h.ltrans0.ltrans.o
 .bss.gBS       0x0000000000009150        0x8 /tmp/VirtioFsDxe.dll.wfBp8h.ltrans0.ltrans.o

.eh_frame       0x0000000000009180        0x0
 *(.eh_frame)
 .eh_frame      0x0000000000009180        0x0 DriverBinding.obj (symbol from plugin)
 .eh_frame      0x0000000000009180        0x0 DriverBinding.obj (symbol from plugin)

.dynbss         0x0000000000009180        0x0
 .dynbss        0x0000000000009180        0x0 DriverBinding.obj (symbol from plugin)

.gnu.version_d  0x0000000000009180        0x0
 .gnu.version_d
                0x0000000000009180        0x0 DriverBinding.obj (symbol from plugin)

.gnu.version    0x0000000000009180        0x0
 .gnu.version   0x0000000000009180        0x0 DriverBinding.obj (symbol from plugin)

.gnu.version_r  0x0000000000009180        0x0
 .gnu.version_r
                0x0000000000009180        0x0 DriverBinding.obj (symbol from plugin)

.rela           0x0000000000009180        0x0
 *(.rela .rela.*)
 .rela.plt      0x0000000000009180        0x0 DriverBinding.obj (symbol from plugin)
 .rela.got      0x0000000000009180        0x0 DriverBinding.obj (symbol from plugin)
 .rela.bss      0x0000000000009180        0x0 DriverBinding.obj (symbol from plugin)
 .rela.data.rel.ro
                0x0000000000009180        0x0 DriverBinding.obj (symbol from plugin)
 .rela.ifunc    0x0000000000009180        0x0 DriverBinding.obj (symbol from plugin)

.hii
 *(.hii)

.build-id       0x0000000000009180       0x24
 *(.note.gnu.build-id)
 .note.gnu.build-id
                0x0000000000009180       0x24 DriverBinding.obj (symbol from plugin)

/DISCARD/
 *(.note.GNU-stack)
 *(.gnu_debuglink)
 *(.interp)
 *(.dynsym)
 *(.dynstr)
 *(.dynamic)
 *(.hash .gnu.hash)
 *(.comment)
OUTPUT(/home/anna/AMDSEV/ovmf/Build/OvmfX64/DEBUG_GCC5/X64/OvmfPkg/VirtioFsDxe/VirtioFsDxe/DEBUG/VirtioFsDxe.dll elf64-x86-64)

.debug_info     0x0000000000000000    0x3d19e
 .debug_info    0x0000000000000000     0x890f /tmp/VirtioFsDxe.dll.wfBp8h.ltrans0.ltrans.o
 .debug_info    0x000000000000890f     0x26dc /tmp/ccT6j6ei.debug.temp.o
                0x000000000000890f                DriverBinding.c.24ba4061
 .debug_info    0x000000000000afeb     0x1065 /tmp/cc1IjFeh.debug.temp.o
                0x000000000000afeb                FuseFlush.c.07157123
 .debug_info    0x000000000000c050      0xf94 /tmp/cchqlVUf.debug.temp.o
                0x000000000000c050                FuseForget.c.961f8a98
 .debug_info    0x000000000000cfe4     0x1063 /tmp/ccu0nVsg.debug.temp.o
                0x000000000000cfe4                FuseFsync.c.7a599480
 .debug_info    0x000000000000e047     0x1191 /tmp/ccpEkMQg.debug.temp.o
                0x000000000000e047                FuseGetAttr.c.449b23aa
 .debug_info    0x000000000000f1d8     0x110b /tmp/cc104Nrg.debug.temp.o
                0x000000000000f1d8                FuseInit.c.d82aecef
 .debug_info    0x00000000000102e3     0x1185 /tmp/ccGBHhOi.debug.temp.o
                0x00000000000102e3                FuseLookup.c.7058643f
 .debug_info    0x0000000000011468     0x11a7 /tmp/ccyrru9h.debug.temp.o
                0x0000000000011468                FuseMkDir.c.b3a4b899
 .debug_info    0x000000000001260f     0x1093 /tmp/cc2CnwZf.debug.temp.o
                0x000000000001260f                FuseOpen.c.1a0c552e
 .debug_info    0x00000000000136a2     0x1087 /tmp/ccjOmJZi.debug.temp.o
                0x00000000000136a2                FuseOpenDir.c.01f8c7d1
 .debug_info    0x0000000000014729     0x122d /tmp/cccnuuyi.debug.temp.o
                0x0000000000014729                FuseOpenOrCreate.c.b3621a3d
 .debug_info    0x0000000000015956     0x10c1 /tmp/ccQdAD3e.debug.temp.o
                0x0000000000015956                FuseRead.c.5eedfb34
 .debug_info    0x0000000000016a17     0x1071 /tmp/ccuqtH9f.debug.temp.o
                0x0000000000016a17                FuseRelease.c.fc1219fb
 .debug_info    0x0000000000017a88     0x106f /tmp/cc3XX94f.debug.temp.o
                0x0000000000017a88                FuseRename.c.5753c7d9
 .debug_info    0x0000000000018af7     0x1277 /tmp/ccF94UDf.debug.temp.o
                0x0000000000018af7                FuseSetAttr.c.9ce8cd34
 .debug_info    0x0000000000019d6e     0x10c3 /tmp/ccnqTR5e.debug.temp.o
                0x0000000000019d6e                FuseStatFs.c.7bb314f0
 .debug_info    0x000000000001ae31     0x1015 /tmp/cculwDRf.debug.temp.o
                0x000000000001ae31                FuseUnlink.c.70a80c5e
 .debug_info    0x000000000001be46     0x10f9 /tmp/ccrI26di.debug.temp.o
                0x000000000001be46                FuseWrite.c.2d9fa774
 .debug_info    0x000000000001cf3f     0x1d0a /tmp/ccoiyzog.debug.temp.o
                0x000000000001cf3f                Helpers.c.317c448c
 .debug_info    0x000000000001ec49      0xe3d /tmp/ccMhGYwh.debug.temp.o
                0x000000000001ec49                SimpleFsClose.c.d9e482cd
 .debug_info    0x000000000001fa86      0xe7b /tmp/cc6co29i.debug.temp.o
                0x000000000001fa86                SimpleFsDelete.c.fd462e4b
 .debug_info    0x0000000000020901      0xe61 /tmp/ccaFIYDf.debug.temp.o
                0x0000000000020901                SimpleFsFlush.c.7257c8c0
 .debug_info    0x0000000000021762     0x1362 /tmp/cceFaHwj.debug.temp.o
                0x0000000000021762                SimpleFsGetInfo.c.52eac3d1
 .debug_info    0x0000000000022ac4      0xe3d /tmp/ccKQgOvh.debug.temp.o
                0x0000000000022ac4                SimpleFsGetPosition.c.05237932
 .debug_info    0x0000000000023901     0x136e /tmp/ccqjWy4g.debug.temp.o
                0x0000000000023901                SimpleFsOpen.c.65aa7230
 .debug_info    0x0000000000024c6f      0xe95 /tmp/ccbjNSAi.debug.temp.o
                0x0000000000024c6f                SimpleFsOpenVolume.c.c12e88d0
 .debug_info    0x0000000000025b04     0x1439 /tmp/cc0yvLfj.debug.temp.o
                0x0000000000025b04                SimpleFsRead.c.e627e5bf
 .debug_info    0x0000000000026f3d     0x146d /tmp/ccCMEw3g.debug.temp.o
                0x0000000000026f3d                SimpleFsSetInfo.c.49589947
 .debug_info    0x00000000000283aa      0xf5f /tmp/ccLh35Xe.debug.temp.o
                0x00000000000283aa                SimpleFsSetPosition.c.0f202215
 .debug_info    0x0000000000029309      0xe9f /tmp/ccEw9HOg.debug.temp.o
                0x0000000000029309                SimpleFsWrite.c.fbafb0aa
 .debug_info    0x000000000002a1a8     0x1b75 /tmp/cc04pqbh.debug.temp.o
                0x000000000002a1a8                AutoGen.c.e8bea78a
 .debug_info    0x000000000002bd1d      0x3c1 /tmp/cch4q44h.debug.temp.o
                0x000000000002bd1d                RegisterFilterLibNull.c.02c48ffe
 .debug_info    0x000000000002c0de     0x2be8 /tmp/ccXKgOhg.debug.temp.o
                0x000000000002c0de                DxePcdLib.c.b9bf927e
 .debug_info    0x000000000002ecc6      0x1a3 /tmp/ccGUhzCj.debug.temp.o
                0x000000000002ecc6                CompareMemWrapper.c.7feb8106
 .debug_info    0x000000000002ee69      0x1bb /tmp/ccCNZiHh.debug.temp.o
                0x000000000002ee69                SetMemWrapper.c.a500efe4
 .debug_info    0x000000000002f024      0x18d /tmp/cc2w6h6h.debug.temp.o
                0x000000000002f024                CopyMemWrapper.c.f521e8f2
 .debug_info    0x000000000002f1b1      0x265 /tmp/ccztgeaj.debug.temp.o
                0x000000000002f1b1                MemLibGuid.c.5f9d361e
 .debug_info    0x000000000002f416      0x457 /tmp/ccMRsqxf.debug.temp.o
                0x000000000002f416                CheckSum.c.a26260fb
 .debug_info    0x000000000002f86d      0x238 /tmp/ccswb6Hg.debug.temp.o
                0x000000000002f86d                SwitchStack.c.6e4243bd
 .debug_info    0x000000000002faa5      0x2b1 /tmp/ccXfyswi.debug.temp.o
                0x000000000002faa5                LongJump.c.cd7ea5a1
 .debug_info    0x000000000002fd56      0x2a5 /tmp/cczPlqzh.debug.temp.o
                0x000000000002fd56                SetJump.c.229f2ccf
 .debug_info    0x000000000002fffb      0x1db /tmp/ccNh83Ii.debug.temp.o
                0x000000000002fffb                MultU64x32.c.c749f67f
 .debug_info    0x00000000000301d6      0x1db /tmp/ccYt9slg.debug.temp.o
                0x00000000000301d6                MultS64x64.c.1b01f6dd
 .debug_info    0x00000000000303b1      0x1db /tmp/cc8lBenf.debug.temp.o
                0x00000000000303b1                LShiftU64.c.1b41d4a3
 .debug_info    0x000000000003058c      0x1e5 /tmp/ccY9KdKi.debug.temp.o
                0x000000000003058c                DivU64x32Remainder.c.9b8b64e8
 .debug_info    0x0000000000030771      0x1cf /tmp/ccquw2Qi.debug.temp.o
                0x0000000000030771                DivU64x32.c.9b4e9ebd
 .debug_info    0x0000000000030940      0x1d0 /tmp/ccariR8h.debug.temp.o
                0x0000000000030940                CpuDeadLoop.c.1f09ddaf
 .debug_info    0x0000000000030b10      0x427 /tmp/ccr2dOlj.debug.temp.o
                0x0000000000030b10                LinkedList.c.b67a2664
 .debug_info    0x0000000000030f37     0x1004 /tmp/ccAXbRxi.debug.temp.o
                0x0000000000030f37                SafeString.c.f28b9ab6
 .debug_info    0x0000000000031f3b      0x7f3 /tmp/ccdERKPf.debug.temp.o
                0x0000000000031f3b                String.c.54eda43e
 .debug_info    0x000000000003272e      0x43c /tmp/cccRYWSh.debug.temp.o
                0x000000000003272e                Math64.c.8ec7bd7a
 .debug_info    0x0000000000032b6a      0x2f0 /tmp/cc0X5k7g.debug.temp.o
                0x0000000000032b6a                Unaligned.c.fb5c0df8
 .debug_info    0x0000000000032e5a      0x458 /tmp/ccG4Hvij.debug.temp.o
                0x0000000000032e5a                GccInline.c.5e41727a
 .debug_info    0x00000000000332b2      0x311 /tmp/ccVnVEOh.debug.temp.o
                0x00000000000332b2                CcProbeLib.c.dd21735c
 .debug_info    0x00000000000335c3      0x2b4 /tmp/cc9Ces7g.debug.temp.o
                0x00000000000335c3                IoLibGcc.c.d3d1dc93
 .debug_info    0x0000000000033877      0x374 /tmp/ccMSbQEi.debug.temp.o
                0x0000000000033877                IoLib.c.e3a566fd
 .debug_info    0x0000000000033beb      0x6c8 /tmp/ccvzEbuh.debug.temp.o
                0x0000000000033beb                IoLibInternalTdx.c.e2e2f9d0
 .debug_info    0x00000000000342b3      0x18d /tmp/cc2PRYwi.debug.temp.o
                0x00000000000342b3                BaseDebugPrintErrorLevelLib.c.2b42fa63
 .debug_info    0x0000000000034440      0x763 /tmp/ccqv2n9f.debug.temp.o
                0x0000000000034440                PrintLibInternal.c.9209965f
 .debug_info    0x0000000000034ba3      0x658 /tmp/ccWONk7i.debug.temp.o
                0x0000000000034ba3                PrintLib.c.bd74b7c9
 .debug_info    0x00000000000351fb      0x43e /tmp/cch589if.debug.temp.o
                0x00000000000351fb                SerialPortLib.c.0705111e
 .debug_info    0x0000000000035639      0x3bd /tmp/ccgNEpPg.debug.temp.o
                0x0000000000035639                DebugLib.c.4714c63a
 .debug_info    0x00000000000359f6     0x18e1 /tmp/cc8b03Wi.debug.temp.o
                0x00000000000359f6                UefiBootServicesTableLib.c.28a9e42d
 .debug_info    0x00000000000372d7     0x1de1 /tmp/ccNGnDCi.debug.temp.o
                0x00000000000372d7                MemoryAllocationLib.c.b4332269
 .debug_info    0x00000000000390b8      0x533 /tmp/ccS7qfJf.debug.temp.o
                0x00000000000390b8                TimeBaseLib.c.82895a9c
 .debug_info    0x00000000000395eb     0x1a57 /tmp/ccHqoyIg.debug.temp.o
                0x00000000000395eb                DriverEntryPoint.c.73d94782
 .debug_info    0x000000000003b042     0x215c /tmp/ccRSgECi.debug.temp.o
                0x000000000003b042                VirtioLib.c.84177c55

.debug_abbrev   0x0000000000000000     0x5f6a
 .debug_abbrev  0x0000000000000000      0x2cf /tmp/VirtioFsDxe.dll.wfBp8h.ltrans0.ltrans.o
 .debug_abbrev  0x00000000000002cf      0x20c /tmp/ccT6j6ei.debug.temp.o
 .debug_abbrev  0x00000000000004db      0x196 /tmp/cc1IjFeh.debug.temp.o
 .debug_abbrev  0x0000000000000671      0x18b /tmp/cchqlVUf.debug.temp.o
 .debug_abbrev  0x00000000000007fc      0x196 /tmp/ccu0nVsg.debug.temp.o
 .debug_abbrev  0x0000000000000992      0x196 /tmp/ccpEkMQg.debug.temp.o
 .debug_abbrev  0x0000000000000b28      0x196 /tmp/cc104Nrg.debug.temp.o
 .debug_abbrev  0x0000000000000cbe      0x1a3 /tmp/ccGBHhOi.debug.temp.o
 .debug_abbrev  0x0000000000000e61      0x196 /tmp/ccyrru9h.debug.temp.o
 .debug_abbrev  0x0000000000000ff7      0x196 /tmp/cc2CnwZf.debug.temp.o
 .debug_abbrev  0x000000000000118d      0x196 /tmp/ccjOmJZi.debug.temp.o
 .debug_abbrev  0x0000000000001323      0x196 /tmp/cccnuuyi.debug.temp.o
 .debug_abbrev  0x00000000000014b9      0x196 /tmp/ccQdAD3e.debug.temp.o
 .debug_abbrev  0x000000000000164f      0x196 /tmp/ccuqtH9f.debug.temp.o
 .debug_abbrev  0x00000000000017e5      0x196 /tmp/cc3XX94f.debug.temp.o
 .debug_abbrev  0x000000000000197b      0x1a7 /tmp/ccF94UDf.debug.temp.o
 .debug_abbrev  0x0000000000001b22      0x196 /tmp/ccnqTR5e.debug.temp.o
 .debug_abbrev  0x0000000000001cb8      0x196 /tmp/cculwDRf.debug.temp.o
 .debug_abbrev  0x0000000000001e4e      0x196 /tmp/ccrI26di.debug.temp.o
 .debug_abbrev  0x0000000000001fe4      0x257 /tmp/ccoiyzog.debug.temp.o
 .debug_abbrev  0x000000000000223b      0x184 /tmp/ccMhGYwh.debug.temp.o
 .debug_abbrev  0x00000000000023bf      0x189 /tmp/cc6co29i.debug.temp.o
 .debug_abbrev  0x0000000000002548      0x184 /tmp/ccaFIYDf.debug.temp.o
 .debug_abbrev  0x00000000000026cc      0x197 /tmp/cceFaHwj.debug.temp.o
 .debug_abbrev  0x0000000000002863      0x184 /tmp/ccKQgOvh.debug.temp.o
 .debug_abbrev  0x00000000000029e7      0x20a /tmp/ccqjWy4g.debug.temp.o
 .debug_abbrev  0x0000000000002bf1      0x191 /tmp/ccbjNSAi.debug.temp.o
 .debug_abbrev  0x0000000000002d82      0x1eb /tmp/cc0yvLfj.debug.temp.o
 .debug_abbrev  0x0000000000002f6d      0x1eb /tmp/ccCMEw3g.debug.temp.o
 .debug_abbrev  0x0000000000003158      0x184 /tmp/ccLh35Xe.debug.temp.o
 .debug_abbrev  0x00000000000032dc      0x189 /tmp/ccEw9HOg.debug.temp.o
 .debug_abbrev  0x0000000000003465      0x218 /tmp/cc04pqbh.debug.temp.o
 .debug_abbrev  0x000000000000367d      0x117 /tmp/cch4q44h.debug.temp.o
 .debug_abbrev  0x0000000000003794      0x25c /tmp/ccXKgOhg.debug.temp.o
 .debug_abbrev  0x00000000000039f0       0xaf /tmp/ccGUhzCj.debug.temp.o
 .debug_abbrev  0x0000000000003a9f       0xc6 /tmp/ccCNZiHh.debug.temp.o
 .debug_abbrev  0x0000000000003b65       0xb6 /tmp/cc2w6h6h.debug.temp.o
 .debug_abbrev  0x0000000000003c1b       0xce /tmp/ccztgeaj.debug.temp.o
 .debug_abbrev  0x0000000000003ce9      0x13e /tmp/ccMRsqxf.debug.temp.o
 .debug_abbrev  0x0000000000003e27       0xf4 /tmp/ccswb6Hg.debug.temp.o
 .debug_abbrev  0x0000000000003f1b       0xd1 /tmp/ccXfyswi.debug.temp.o
 .debug_abbrev  0x0000000000003fec       0xd1 /tmp/cczPlqzh.debug.temp.o
 .debug_abbrev  0x00000000000040bd       0xc0 /tmp/ccNh83Ii.debug.temp.o
 .debug_abbrev  0x000000000000417d       0xb1 /tmp/ccYt9slg.debug.temp.o
 .debug_abbrev  0x000000000000422e       0xb1 /tmp/cc8lBenf.debug.temp.o
 .debug_abbrev  0x00000000000042df       0xb3 /tmp/ccY9KdKi.debug.temp.o
 .debug_abbrev  0x0000000000004392       0xb1 /tmp/ccquw2Qi.debug.temp.o
 .debug_abbrev  0x0000000000004443       0xb6 /tmp/ccariR8h.debug.temp.o
 .debug_abbrev  0x00000000000044f9      0x139 /tmp/ccr2dOlj.debug.temp.o
 .debug_abbrev  0x0000000000004632      0x138 /tmp/ccAXbRxi.debug.temp.o
 .debug_abbrev  0x000000000000476a      0x126 /tmp/ccdERKPf.debug.temp.o
 .debug_abbrev  0x0000000000004890       0xf9 /tmp/cccRYWSh.debug.temp.o
 .debug_abbrev  0x0000000000004989       0xb3 /tmp/cc0X5k7g.debug.temp.o
 .debug_abbrev  0x0000000000004a3c      0x164 /tmp/ccG4Hvij.debug.temp.o
 .debug_abbrev  0x0000000000004ba0       0xfe /tmp/ccVnVEOh.debug.temp.o
 .debug_abbrev  0x0000000000004c9e       0xea /tmp/cc9Ces7g.debug.temp.o
 .debug_abbrev  0x0000000000004d88      0x11d /tmp/ccMSbQEi.debug.temp.o
 .debug_abbrev  0x0000000000004ea5      0x155 /tmp/ccvzEbuh.debug.temp.o
 .debug_abbrev  0x0000000000004ffa       0xc6 /tmp/cc2PRYwi.debug.temp.o
 .debug_abbrev  0x00000000000050c0      0x149 /tmp/ccqv2n9f.debug.temp.o
 .debug_abbrev  0x0000000000005209      0x138 /tmp/ccWONk7i.debug.temp.o
 .debug_abbrev  0x0000000000005341      0x16e /tmp/cch589if.debug.temp.o
 .debug_abbrev  0x00000000000054af      0x154 /tmp/ccgNEpPg.debug.temp.o
 .debug_abbrev  0x0000000000005603      0x1dd /tmp/cc8b03Wi.debug.temp.o
 .debug_abbrev  0x00000000000057e0      0x242 /tmp/ccNGnDCi.debug.temp.o
 .debug_abbrev  0x0000000000005a22      0x12a /tmp/ccS7qfJf.debug.temp.o
 .debug_abbrev  0x0000000000005b4c      0x1e9 /tmp/ccHqoyIg.debug.temp.o
 .debug_abbrev  0x0000000000005d35      0x235 /tmp/ccRSgECi.debug.temp.o

.debug_loc      0x0000000000000000     0xf2be
 .debug_loc     0x0000000000000000     0xf2be /tmp/VirtioFsDxe.dll.wfBp8h.ltrans0.ltrans.o

.debug_aranges  0x0000000000000000      0x550
 .debug_aranges
                0x0000000000000000      0x550 /tmp/VirtioFsDxe.dll.wfBp8h.ltrans0.ltrans.o

.debug_ranges   0x0000000000000000     0x2510
 .debug_ranges  0x0000000000000000     0x2510 /tmp/VirtioFsDxe.dll.wfBp8h.ltrans0.ltrans.o

.debug_line     0x0000000000000000    0x109b3
 .debug_line    0x0000000000000000     0x7048 /tmp/VirtioFsDxe.dll.wfBp8h.ltrans0.ltrans.o
 .debug_line    0x0000000000007048      0x38f /tmp/ccT6j6ei.debug.temp.o
 .debug_line    0x00000000000073d7      0x304 /tmp/cc1IjFeh.debug.temp.o
 .debug_line    0x00000000000076db      0x305 /tmp/cchqlVUf.debug.temp.o
 .debug_line    0x00000000000079e0      0x304 /tmp/ccu0nVsg.debug.temp.o
 .debug_line    0x0000000000007ce4      0x306 /tmp/ccpEkMQg.debug.temp.o
 .debug_line    0x0000000000007fea      0x303 /tmp/cc104Nrg.debug.temp.o
 .debug_line    0x00000000000082ed      0x305 /tmp/ccGBHhOi.debug.temp.o
 .debug_line    0x00000000000085f2      0x304 /tmp/ccyrru9h.debug.temp.o
 .debug_line    0x00000000000088f6      0x303 /tmp/cc2CnwZf.debug.temp.o
 .debug_line    0x0000000000008bf9      0x306 /tmp/ccjOmJZi.debug.temp.o
 .debug_line    0x0000000000008eff      0x30b /tmp/cccnuuyi.debug.temp.o
 .debug_line    0x000000000000920a      0x303 /tmp/ccQdAD3e.debug.temp.o
 .debug_line    0x000000000000950d      0x306 /tmp/ccuqtH9f.debug.temp.o
 .debug_line    0x0000000000009813      0x305 /tmp/cc3XX94f.debug.temp.o
 .debug_line    0x0000000000009b18      0x306 /tmp/ccF94UDf.debug.temp.o
 .debug_line    0x0000000000009e1e      0x305 /tmp/ccnqTR5e.debug.temp.o
 .debug_line    0x000000000000a123      0x305 /tmp/cculwDRf.debug.temp.o
 .debug_line    0x000000000000a428      0x304 /tmp/ccrI26di.debug.temp.o
 .debug_line    0x000000000000a72c      0x34e /tmp/ccoiyzog.debug.temp.o
 .debug_line    0x000000000000aa7a      0x2fa /tmp/ccMhGYwh.debug.temp.o
 .debug_line    0x000000000000ad74      0x2fb /tmp/cc6co29i.debug.temp.o
 .debug_line    0x000000000000b06f      0x2fa /tmp/ccaFIYDf.debug.temp.o
 .debug_line    0x000000000000b369      0x34b /tmp/cceFaHwj.debug.temp.o
 .debug_line    0x000000000000b6b4      0x300 /tmp/ccKQgOvh.debug.temp.o
 .debug_line    0x000000000000b9b4      0x315 /tmp/ccqjWy4g.debug.temp.o
 .debug_line    0x000000000000bcc9      0x2ff /tmp/ccbjNSAi.debug.temp.o
 .debug_line    0x000000000000bfc8      0x315 /tmp/cc0yvLfj.debug.temp.o
 .debug_line    0x000000000000c2dd      0x34b /tmp/ccCMEw3g.debug.temp.o
 .debug_line    0x000000000000c628      0x30e /tmp/ccLh35Xe.debug.temp.o
 .debug_line    0x000000000000c936      0x2fa /tmp/ccEw9HOg.debug.temp.o
 .debug_line    0x000000000000cc30      0x2a1 /tmp/cc04pqbh.debug.temp.o
 .debug_line    0x000000000000ced1      0x1a9 /tmp/cch4q44h.debug.temp.o
 .debug_line    0x000000000000d07a      0x345 /tmp/ccXKgOhg.debug.temp.o
 .debug_line    0x000000000000d3bf      0x15a /tmp/ccGUhzCj.debug.temp.o
 .debug_line    0x000000000000d519      0x156 /tmp/ccCNZiHh.debug.temp.o
 .debug_line    0x000000000000d66f      0x157 /tmp/cc2w6h6h.debug.temp.o
 .debug_line    0x000000000000d7c6      0x153 /tmp/ccztgeaj.debug.temp.o
 .debug_line    0x000000000000d919      0x12d /tmp/ccMRsqxf.debug.temp.o
 .debug_line    0x000000000000da46      0x16b /tmp/ccswb6Hg.debug.temp.o
 .debug_line    0x000000000000dbb1      0x168 /tmp/ccXfyswi.debug.temp.o
 .debug_line    0x000000000000dd19      0x167 /tmp/cczPlqzh.debug.temp.o
 .debug_line    0x000000000000de80      0x12f /tmp/ccNh83Ii.debug.temp.o
 .debug_line    0x000000000000dfaf      0x12f /tmp/ccYt9slg.debug.temp.o
 .debug_line    0x000000000000e0de      0x12e /tmp/cc8lBenf.debug.temp.o
 .debug_line    0x000000000000e20c      0x137 /tmp/ccY9KdKi.debug.temp.o
 .debug_line    0x000000000000e343      0x12e /tmp/ccquw2Qi.debug.temp.o
 .debug_line    0x000000000000e471      0x130 /tmp/ccariR8h.debug.temp.o
 .debug_line    0x000000000000e5a1      0x12f /tmp/ccr2dOlj.debug.temp.o
 .debug_line    0x000000000000e6d0      0x12f /tmp/ccAXbRxi.debug.temp.o
 .debug_line    0x000000000000e7ff      0x12b /tmp/ccdERKPf.debug.temp.o
 .debug_line    0x000000000000e92a      0x12b /tmp/cccRYWSh.debug.temp.o
 .debug_line    0x000000000000ea55      0x12e /tmp/cc0X5k7g.debug.temp.o
 .debug_line    0x000000000000eb83      0x16d /tmp/ccG4Hvij.debug.temp.o
 .debug_line    0x000000000000ecf0      0x193 /tmp/ccVnVEOh.debug.temp.o
 .debug_line    0x000000000000ee83      0x196 /tmp/cc9Ces7g.debug.temp.o
 .debug_line    0x000000000000f019      0x193 /tmp/ccMSbQEi.debug.temp.o
 .debug_line    0x000000000000f1ac      0x17d /tmp/ccvzEbuh.debug.temp.o
 .debug_line    0x000000000000f329      0x17c /tmp/cc2PRYwi.debug.temp.o
 .debug_line    0x000000000000f4a5      0x15a /tmp/ccqv2n9f.debug.temp.o
 .debug_line    0x000000000000f5ff      0x13c /tmp/ccWONk7i.debug.temp.o
 .debug_line    0x000000000000f73b      0x1c8 /tmp/cch589if.debug.temp.o
 .debug_line    0x000000000000f903      0x1d4 /tmp/ccgNEpPg.debug.temp.o
 .debug_line    0x000000000000fad7      0x2f8 /tmp/cc8b03Wi.debug.temp.o
 .debug_line    0x000000000000fdcf      0x2f0 /tmp/ccNGnDCi.debug.temp.o
 .debug_line    0x00000000000100bf      0x260 /tmp/ccS7qfJf.debug.temp.o
 .debug_line    0x000000000001031f      0x30f /tmp/ccHqoyIg.debug.temp.o
 .debug_line    0x000000000001062e      0x385 /tmp/ccRSgECi.debug.temp.o

.debug_str      0x0000000000000000     0x7124
 .debug_str     0x0000000000000000      0x21e /tmp/VirtioFsDxe.dll.wfBp8h.ltrans0.ltrans.o
                                        0x230 (size before relaxing)
 .debug_str     0x000000000000021e     0x1c92 /tmp/ccT6j6ei.debug.temp.o
                                       0x1fbb (size before relaxing)
 .debug_str     0x0000000000001eb0      0x334 /tmp/cc1IjFeh.debug.temp.o
                                        0xff3 (size before relaxing)
 .debug_str     0x00000000000021e4       0x83 /tmp/cchqlVUf.debug.temp.o
                                        0xf95 (size before relaxing)
 .debug_str     0x0000000000002267       0x89 /tmp/ccu0nVsg.debug.temp.o
                                        0xffc (size before relaxing)
 .debug_str     0x00000000000022f0      0x131 /tmp/ccpEkMQg.debug.temp.o
                                       0x10b1 (size before relaxing)
 .debug_str     0x0000000000002421       0xf2 /tmp/cc104Nrg.debug.temp.o
                                       0x1056 (size before relaxing)
 .debug_str     0x0000000000002513       0x9b /tmp/ccGBHhOi.debug.temp.o
                                       0x109a (size before relaxing)
 .debug_str     0x00000000000025ae       0x75 /tmp/ccyrru9h.debug.temp.o
                                       0x10c2 (size before relaxing)
 .debug_str     0x0000000000002623       0xa5 /tmp/cc2CnwZf.debug.temp.o
                                       0x101f (size before relaxing)
 .debug_str     0x00000000000026c8       0x4d /tmp/ccjOmJZi.debug.temp.o
                                       0x101b (size before relaxing)
 .debug_str     0x0000000000002715       0x7f /tmp/cccnuuyi.debug.temp.o
                                       0x1118 (size before relaxing)
 .debug_str     0x0000000000002794       0x8d /tmp/ccQdAD3e.debug.temp.o
                                       0x101c (size before relaxing)
 .debug_str     0x0000000000002821       0x8d /tmp/ccuqtH9f.debug.temp.o
                                       0x1010 (size before relaxing)
 .debug_str     0x00000000000028ae       0xac /tmp/cc3XX94f.debug.temp.o
                                       0x1009 (size before relaxing)
 .debug_str     0x000000000000295a       0x7c /tmp/ccF94UDf.debug.temp.o
                                       0x10c1 (size before relaxing)
 .debug_str     0x00000000000029d6       0xa4 /tmp/ccnqTR5e.debug.temp.o
                                       0x100e (size before relaxing)
 .debug_str     0x0000000000002a7a       0x54 /tmp/cculwDRf.debug.temp.o
                                        0xfc9 (size before relaxing)
 .debug_str     0x0000000000002ace       0xa2 /tmp/ccrI26di.debug.temp.o
                                       0x102b (size before relaxing)
 .debug_str     0x0000000000002b70      0x687 /tmp/ccoiyzog.debug.temp.o
                                       0x1809 (size before relaxing)
 .debug_str     0x00000000000031f7       0xce /tmp/ccMhGYwh.debug.temp.o
                                        0xd9f (size before relaxing)
 .debug_str     0x00000000000032c5       0x55 /tmp/cc6co29i.debug.temp.o
                                        0xdc7 (size before relaxing)
 .debug_str     0x000000000000331a       0x53 /tmp/ccaFIYDf.debug.temp.o
                                        0xdaa (size before relaxing)
 .debug_str     0x000000000000336d      0x12f /tmp/cceFaHwj.debug.temp.o
                                       0x104f (size before relaxing)
 .debug_str     0x000000000000349c       0x5f /tmp/ccKQgOvh.debug.temp.o
                                        0xdab (size before relaxing)
 .debug_str     0x00000000000034fb      0x16a /tmp/ccqjWy4g.debug.temp.o
                                       0x1097 (size before relaxing)
 .debug_str     0x0000000000003665       0x8d /tmp/ccbjNSAi.debug.temp.o
                                        0xde4 (size before relaxing)
 .debug_str     0x00000000000036f2      0x110 /tmp/cc0yvLfj.debug.temp.o
                                       0x10e5 (size before relaxing)
 .debug_str     0x0000000000003802      0x1fb /tmp/ccCMEw3g.debug.temp.o
                                       0x117a (size before relaxing)
 .debug_str     0x00000000000039fd       0x5f /tmp/ccLh35Xe.debug.temp.o
                                        0xe47 (size before relaxing)
 .debug_str     0x0000000000003a5c       0x5d /tmp/ccEw9HOg.debug.temp.o
                                        0xdc5 (size before relaxing)
 .debug_str     0x0000000000003ab9      0x30b /tmp/cc04pqbh.debug.temp.o
                                       0x1955 (size before relaxing)
 .debug_str     0x0000000000003dc4      0x200 /tmp/cch4q44h.debug.temp.o
                                        0x482 (size before relaxing)
 .debug_str     0x0000000000003fc4      0x9a8 /tmp/ccXKgOhg.debug.temp.o
                                       0x2116 (size before relaxing)
 .debug_str     0x000000000000496c       0xd8 /tmp/ccGUhzCj.debug.temp.o
                                        0x35c (size before relaxing)
 .debug_str     0x0000000000004a44       0x52 /tmp/ccCNZiHh.debug.temp.o
                                        0x33f (size before relaxing)
 .debug_str     0x0000000000004a96       0x4b /tmp/cc2w6h6h.debug.temp.o
                                        0x34b (size before relaxing)
 .debug_str     0x0000000000004ae1       0xee /tmp/ccztgeaj.debug.temp.o
                                        0x3df (size before relaxing)
 .debug_str     0x0000000000004bcf      0x12f /tmp/ccMRsqxf.debug.temp.o
                                        0x4f3 (size before relaxing)
 .debug_str     0x0000000000004cfe       0x99 /tmp/ccswb6Hg.debug.temp.o
                                        0x499 (size before relaxing)
 .debug_str     0x0000000000004d97       0x6b /tmp/ccXfyswi.debug.temp.o
                                        0x46a (size before relaxing)
 .debug_str     0x0000000000004e02       0x51 /tmp/cczPlqzh.debug.temp.o
                                        0x473 (size before relaxing)
 .debug_str     0x0000000000004e53       0x5a /tmp/ccNh83Ii.debug.temp.o
                                        0x44d (size before relaxing)
 .debug_str     0x0000000000004ead       0x46 /tmp/ccYt9slg.debug.temp.o
                                        0x44c (size before relaxing)
 .debug_str     0x0000000000004ef3       0x42 /tmp/cc8lBenf.debug.temp.o
                                        0x440 (size before relaxing)
 .debug_str     0x0000000000004f35       0x67 /tmp/ccY9KdKi.debug.temp.o
                                        0x459 (size before relaxing)
 .debug_str     0x0000000000004f9c       0x3a /tmp/ccquw2Qi.debug.temp.o
                                        0x43d (size before relaxing)
 .debug_str     0x0000000000004fd6       0x48 /tmp/ccariR8h.debug.temp.o
                                        0x43c (size before relaxing)
 .debug_str     0x000000000000501e      0x113 /tmp/ccr2dOlj.debug.temp.o
                                        0x54c (size before relaxing)
 .debug_str     0x0000000000005131      0x2d8 /tmp/ccAXbRxi.debug.temp.o
                                        0x808 (size before relaxing)
 .debug_str     0x0000000000005409      0x2db /tmp/ccdERKPf.debug.temp.o
                                        0x7bd (size before relaxing)
 .debug_str     0x00000000000056e4      0x180 /tmp/cccRYWSh.debug.temp.o
                                        0x5ba (size before relaxing)
 .debug_str     0x0000000000005864       0xbe /tmp/cc0X5k7g.debug.temp.o
                                        0x4b3 (size before relaxing)
 .debug_str     0x0000000000005922      0x177 /tmp/ccG4Hvij.debug.temp.o
                                        0x57e (size before relaxing)
 .debug_str     0x0000000000005a99      0x1e6 /tmp/ccVnVEOh.debug.temp.o
                                        0x510 (size before relaxing)
 .debug_str     0x0000000000005c7f       0xb0 /tmp/cc9Ces7g.debug.temp.o
                                        0x39a (size before relaxing)
 .debug_str     0x0000000000005d2f       0x54 /tmp/ccMSbQEi.debug.temp.o
                                        0x3d0 (size before relaxing)
 .debug_str     0x0000000000005d83      0x170 /tmp/ccvzEbuh.debug.temp.o
                                        0x4ae (size before relaxing)
 .debug_str     0x0000000000005ef3      0x10b /tmp/cc2PRYwi.debug.temp.o
                                        0x3bb (size before relaxing)
 .debug_str     0x0000000000005ffe      0x2ce /tmp/ccqv2n9f.debug.temp.o
                                        0x6c4 (size before relaxing)
 .debug_str     0x00000000000062cc      0x185 /tmp/ccWONk7i.debug.temp.o
                                        0x55a (size before relaxing)
 .debug_str     0x0000000000006451      0x28e /tmp/cch589if.debug.temp.o
                                        0x545 (size before relaxing)
 .debug_str     0x00000000000066df      0x1b4 /tmp/ccgNEpPg.debug.temp.o
                                        0x57c (size before relaxing)
 .debug_str     0x0000000000006893       0xf3 /tmp/cc8b03Wi.debug.temp.o
                                       0x156b (size before relaxing)
 .debug_str     0x0000000000006986      0x2f6 /tmp/ccNGnDCi.debug.temp.o
                                       0x17d7 (size before relaxing)
 .debug_str     0x0000000000006c7c      0x146 /tmp/ccS7qfJf.debug.temp.o
                                        0x5a2 (size before relaxing)
 .debug_str     0x0000000000006dc2      0x1a2 /tmp/ccHqoyIg.debug.temp.o
                                       0x168e (size before relaxing)
 .debug_str     0x0000000000006f64      0x1c0 /tmp/ccRSgECi.debug.temp.o
                                       0x1a99 (size before relaxing)

.debug_frame    0x0000000000000000     0x19e0
 .debug_frame   0x0000000000000000     0x19e0 /tmp/VirtioFsDxe.dll.wfBp8h.ltrans0.ltrans.o
